0 verbose cli /data/data/com.termux/files/usr/bin/node /data/data/com.termux/files/usr/lib/node_modules/npm/bin/npm-cli.js
1 info using npm@11.14.1
2 info using node@v25.8.2
3 silly config load:file:/data/data/com.termux/files/usr/lib/node_modules/npm/npmrc
4 silly config load:file:/data/data/com.termux/files/home/my-music-worker/.npmrc
5 silly config load:file:/data/data/com.termux/files/home/.npmrc
6 silly config load:file:/data/data/com.termux/files/usr/etc/npmrc
7 verbose title npm exec wrangler deploy
8 verbose argv "exec" "--" "wrangler" "deploy"
9 verbose logfile logs-max:10 dir:/data/data/com.termux/files/home/.npm/_logs/2026-05-15T07_18_21_036Z-
10 verbose logfile /data/data/com.termux/files/home/.npm/_logs/2026-05-15T07_18_21_036Z-debug-0.log
11 silly logfile done cleaning log files
12 silly packumentCache heap:1174405120 maxSize:293601280 maxEntrySize:146800640
13 http fetch GET 200 https://registry.npmjs.org/wrangler 324ms (cache revalidated)
14 silly packumentCache heap:1174405120 maxSize:293601280 maxEntrySize:146800640
15 silly packumentCache heap:1174405120 maxSize:293601280 maxEntrySize:146800640
16 silly idealTree buildDeps
17 silly fetch manifest wrangler@4.91.0
18 silly packumentCache full:https://registry.npmjs.org/wrangler cache-miss
19 http cache https://registry.npmjs.org/wrangler 61ms (cache hit)
20 silly packumentCache full:https://registry.npmjs.org/wrangler set size:29362620 disposed:false
21 silly fetch manifest @cloudflare/workers-types@^4.20260511.1
22 silly packumentCache full:https://registry.npmjs.org/@cloudflare%2fworkers-types cache-miss
23 http cache https://registry.npmjs.org/@cloudflare%2fworkers-types 11ms (cache hit)
24 silly packumentCache full:https://registry.npmjs.org/@cloudflare%2fworkers-types set size:1598548 disposed:false
25 silly placeDep ROOT wrangler@4.91.0 OK for:  want: 4.91.0
26 silly fetch manifest blake3-wasm@2.1.5
27 silly packumentCache full:https://registry.npmjs.org/blake3-wasm cache-miss
28 silly fetch manifest esbuild@0.27.3
29 silly packumentCache full:https://registry.npmjs.org/esbuild cache-miss
30 silly fetch manifest path-to-regexp@6.3.0
31 silly packumentCache full:https://registry.npmjs.org/path-to-regexp cache-miss
32 silly fetch manifest unenv@2.0.0-rc.24
33 silly packumentCache full:https://registry.npmjs.org/unenv cache-miss
34 silly fetch manifest workerd@1.20260511.1
35 silly packumentCache full:https://registry.npmjs.org/workerd cache-miss
36 silly fetch manifest @cloudflare/kv-asset-handler@0.5.0
37 silly packumentCache full:https://registry.npmjs.org/@cloudflare%2fkv-asset-handler cache-miss
38 silly fetch manifest @cloudflare/unenv-preset@2.16.1
39 silly packumentCache full:https://registry.npmjs.org/@cloudflare%2funenv-preset cache-miss
40 http cache https://registry.npmjs.org/blake3-wasm 31ms (cache hit)
41 silly packumentCache full:https://registry.npmjs.org/blake3-wasm set size:6797 disposed:false
42 silly fetch manifest miniflare@4.20260511.0
43 silly packumentCache full:https://registry.npmjs.org/miniflare cache-miss
44 http cache https://registry.npmjs.org/path-to-regexp 32ms (cache hit)
45 silly packumentCache full:https://registry.npmjs.org/path-to-regexp set size:216334 disposed:false
46 silly fetch manifest fsevents@~2.3.2
47 silly packumentCache full:https://registry.npmjs.org/fsevents cache-miss
48 http cache https://registry.npmjs.org/@cloudflare%2fkv-asset-handler 37ms (cache hit)
49 silly packumentCache full:https://registry.npmjs.org/@cloudflare%2fkv-asset-handler set size:83933 disposed:false
50 http cache https://registry.npmjs.org/unenv 42ms (cache hit)
51 silly packumentCache full:https://registry.npmjs.org/unenv set size:236480 disposed:false
52 http cache https://registry.npmjs.org/workerd 47ms (cache hit)
53 silly packumentCache full:https://registry.npmjs.org/workerd set size:795481 disposed:false
54 http cache https://registry.npmjs.org/esbuild 64ms (cache hit)
55 silly packumentCache full:https://registry.npmjs.org/esbuild set size:1254708 disposed:false
56 http cache https://registry.npmjs.org/@cloudflare%2funenv-preset 79ms (cache hit)
57 silly packumentCache full:https://registry.npmjs.org/@cloudflare%2funenv-preset set size:3362208 disposed:false
58 http cache https://registry.npmjs.org/fsevents 92ms (cache hit)
59 silly packumentCache full:https://registry.npmjs.org/fsevents set size:182472 disposed:false
60 http cache https://registry.npmjs.org/miniflare 114ms (cache hit)
61 silly packumentCache full:https://registry.npmjs.org/miniflare set size:6545924 disposed:false
62 silly placeDep ROOT @cloudflare/kv-asset-handler@0.5.0 OK for: wrangler@4.91.0 want: 0.5.0
63 silly placeDep ROOT @cloudflare/unenv-preset@2.16.1 OK for: wrangler@4.91.0 want: 2.16.1
64 silly placeDep ROOT unenv@2.0.0-rc.24 OK for: @cloudflare/unenv-preset@2.16.1 want: 2.0.0-rc.24
65 silly placeDep ROOT blake3-wasm@2.1.5 OK for: wrangler@4.91.0 want: 2.1.5
66 silly placeDep ROOT esbuild@0.27.3 OK for: wrangler@4.91.0 want: 0.27.3
67 silly placeDep ROOT fsevents@2.3.3 OK for: wrangler@4.91.0 want: ~2.3.2
68 silly placeDep ROOT miniflare@4.20260511.0 OK for: wrangler@4.91.0 want: 4.20260511.0
69 silly placeDep ROOT path-to-regexp@6.3.0 OK for: wrangler@4.91.0 want: 6.3.0
70 silly placeDep ROOT workerd@1.20260511.1 OK for: wrangler@4.91.0 want: 1.20260511.1
71 silly fetch manifest pathe@^2.0.3
72 silly packumentCache full:https://registry.npmjs.org/pathe cache-miss
73 silly fetch manifest @esbuild/aix-ppc64@0.27.3
74 silly packumentCache full:https://registry.npmjs.org/@esbuild%2faix-ppc64 cache-miss
75 silly fetch manifest @esbuild/linux-arm@0.27.3
76 silly packumentCache full:https://registry.npmjs.org/@esbuild%2flinux-arm cache-miss
77 silly fetch manifest @esbuild/linux-x64@0.27.3
78 silly packumentCache full:https://registry.npmjs.org/@esbuild%2flinux-x64 cache-miss
79 silly fetch manifest @esbuild/sunos-x64@0.27.3
80 silly packumentCache full:https://registry.npmjs.org/@esbuild%2fsunos-x64 cache-miss
81 silly fetch manifest @esbuild/win32-x64@0.27.3
82 silly packumentCache full:https://registry.npmjs.org/@esbuild%2fwin32-x64 cache-miss
83 silly fetch manifest @esbuild/darwin-x64@0.27.3
84 silly packumentCache full:https://registry.npmjs.org/@esbuild%2fdarwin-x64 cache-miss
85 http cache https://registry.npmjs.org/pathe 13ms (cache hit)
86 silly packumentCache full:https://registry.npmjs.org/pathe set size:68788 disposed:false
87 silly fetch manifest @esbuild/linux-ia32@0.27.3
88 silly packumentCache full:https://registry.npmjs.org/@esbuild%2flinux-ia32 cache-miss
89 http cache https://registry.npmjs.org/@esbuild%2faix-ppc64 16ms (cache hit)
90 silly packumentCache full:https://registry.npmjs.org/@esbuild%2faix-ppc64 set size:64314 disposed:false
91 silly fetch manifest @esbuild/netbsd-x64@0.27.3
92 silly packumentCache full:https://registry.npmjs.org/@esbuild%2fnetbsd-x64 cache-miss
93 http cache https://registry.npmjs.org/@esbuild%2flinux-arm 18ms (cache hit)
94 silly packumentCache full:https://registry.npmjs.org/@esbuild%2flinux-arm set size:195140 disposed:false
95 silly fetch manifest @esbuild/win32-ia32@0.27.3
96 silly packumentCache full:https://registry.npmjs.org/@esbuild%2fwin32-ia32 cache-miss
97 http cache https://registry.npmjs.org/@esbuild%2fwin32-x64 22ms (cache hit)
98 silly packumentCache full:https://registry.npmjs.org/@esbuild%2fwin32-x64 set size:194073 disposed:false
99 silly fetch manifest @esbuild/android-arm@0.27.3
100 silly packumentCache full:https://registry.npmjs.org/@esbuild%2fandroid-arm cache-miss
101 http cache https://registry.npmjs.org/@esbuild%2fsunos-x64 26ms (cache hit)
102 silly packumentCache full:https://registry.npmjs.org/@esbuild%2fsunos-x64 set size:195721 disposed:false
103 silly fetch manifest @esbuild/android-x64@0.27.3
104 silly packumentCache full:https://registry.npmjs.org/@esbuild%2fandroid-x64 cache-miss
105 http cache https://registry.npmjs.org/@esbuild%2flinux-x64 39ms (cache hit)
106 silly packumentCache full:https://registry.npmjs.org/@esbuild%2flinux-x64 set size:195479 disposed:false
107 silly fetch manifest @esbuild/freebsd-x64@0.27.3
108 silly packumentCache full:https://registry.npmjs.org/@esbuild%2ffreebsd-x64 cache-miss
109 http cache https://registry.npmjs.org/@esbuild%2fdarwin-x64 42ms (cache hit)
110 silly packumentCache full:https://registry.npmjs.org/@esbuild%2fdarwin-x64 set size:196195 disposed:false
111 silly fetch manifest @esbuild/linux-arm64@0.27.3
112 silly packumentCache full:https://registry.npmjs.org/@esbuild%2flinux-arm64 cache-miss
113 http cache https://registry.npmjs.org/@esbuild%2flinux-ia32 42ms (cache hit)
114 silly packumentCache full:https://registry.npmjs.org/@esbuild%2flinux-ia32 set size:196150 disposed:false
115 silly fetch manifest @esbuild/linux-ppc64@0.27.3
116 silly packumentCache full:https://registry.npmjs.org/@esbuild%2flinux-ppc64 cache-miss
117 http cache https://registry.npmjs.org/@esbuild%2fnetbsd-x64 43ms (cache hit)
118 silly packumentCache full:https://registry.npmjs.org/@esbuild%2fnetbsd-x64 set size:193883 disposed:false
119 silly fetch manifest @esbuild/linux-s390x@0.27.3
120 silly packumentCache full:https://registry.npmjs.org/@esbuild%2flinux-s390x cache-miss
121 http cache https://registry.npmjs.org/@esbuild%2fandroid-x64 35ms (cache hit)
122 silly packumentCache full:https://registry.npmjs.org/@esbuild%2fandroid-x64 set size:195551 disposed:false
123 silly fetch manifest @esbuild/openbsd-x64@0.27.3
124 silly packumentCache full:https://registry.npmjs.org/@esbuild%2fopenbsd-x64 cache-miss
125 http cache https://registry.npmjs.org/@esbuild%2fandroid-arm 43ms (cache hit)
126 silly packumentCache full:https://registry.npmjs.org/@esbuild%2fandroid-arm set size:221749 disposed:false
127 silly fetch manifest @esbuild/win32-arm64@0.27.3
128 silly packumentCache full:https://registry.npmjs.org/@esbuild%2fwin32-arm64 cache-miss
129 http cache https://registry.npmjs.org/@esbuild%2ffreebsd-x64 30ms (cache hit)
130 silly packumentCache full:https://registry.npmjs.org/@esbuild%2ffreebsd-x64 set size:197070 disposed:false
131 silly fetch manifest @esbuild/darwin-arm64@0.27.3
132 silly packumentCache full:https://registry.npmjs.org/@esbuild%2fdarwin-arm64 cache-miss
133 http cache https://registry.npmjs.org/@esbuild%2fwin32-ia32 55ms (cache hit)
134 silly packumentCache full:https://registry.npmjs.org/@esbuild%2fwin32-ia32 set size:196374 disposed:false
135 silly fetch manifest @esbuild/netbsd-arm64@0.27.3
136 silly packumentCache full:https://registry.npmjs.org/@esbuild%2fnetbsd-arm64 cache-miss
137 http cache https://registry.npmjs.org/@esbuild%2flinux-arm64 34ms (cache hit)
138 silly packumentCache full:https://registry.npmjs.org/@esbuild%2flinux-arm64 set size:197274 disposed:false
139 silly fetch manifest @esbuild/android-arm64@0.27.3
140 silly packumentCache full:https://registry.npmjs.org/@esbuild%2fandroid-arm64 cache-miss
141 http cache https://registry.npmjs.org/@esbuild%2flinux-s390x 28ms (cache hit)
142 silly packumentCache full:https://registry.npmjs.org/@esbuild%2flinux-s390x set size:198784 disposed:false
143 silly fetch manifest @esbuild/freebsd-arm64@0.27.3
144 silly packumentCache full:https://registry.npmjs.org/@esbuild%2ffreebsd-arm64 cache-miss
145 http cache https://registry.npmjs.org/@esbuild%2fnetbsd-arm64 17ms (cache hit)
146 silly packumentCache full:https://registry.npmjs.org/@esbuild%2fnetbsd-arm64 set size:40794 disposed:false
147 silly fetch manifest @esbuild/linux-loong64@0.27.3
148 silly packumentCache full:https://registry.npmjs.org/@esbuild%2flinux-loong64 cache-miss
149 http cache https://registry.npmjs.org/@esbuild%2fwin32-arm64 27ms (cache hit)
150 silly packumentCache full:https://registry.npmjs.org/@esbuild%2fwin32-arm64 set size:197504 disposed:false
151 silly fetch manifest @esbuild/linux-riscv64@0.27.3
152 silly packumentCache full:https://registry.npmjs.org/@esbuild%2flinux-riscv64 cache-miss
153 http cache https://registry.npmjs.org/@esbuild%2fopenbsd-x64 35ms (cache hit)
154 silly packumentCache full:https://registry.npmjs.org/@esbuild%2fopenbsd-x64 set size:197080 disposed:false
155 silly fetch manifest @esbuild/openbsd-arm64@0.27.3
156 silly packumentCache full:https://registry.npmjs.org/@esbuild%2fopenbsd-arm64 cache-miss
157 http cache https://registry.npmjs.org/@esbuild%2fdarwin-arm64 32ms (cache hit)
158 silly packumentCache full:https://registry.npmjs.org/@esbuild%2fdarwin-arm64 set size:197958 disposed:false
159 silly fetch manifest @esbuild/linux-mips64el@0.27.3
160 silly packumentCache full:https://registry.npmjs.org/@esbuild%2flinux-mips64el cache-miss
161 http cache https://registry.npmjs.org/@esbuild%2flinux-ppc64 52ms (cache hit)
162 silly packumentCache full:https://registry.npmjs.org/@esbuild%2flinux-ppc64 set size:199310 disposed:false
163 silly fetch manifest @esbuild/openharmony-arm64@0.27.3
164 silly packumentCache full:https://registry.npmjs.org/@esbuild%2fopenharmony-arm64 cache-miss
165 http cache https://registry.npmjs.org/@esbuild%2fandroid-arm64 33ms (cache hit)
166 silly packumentCache full:https://registry.npmjs.org/@esbuild%2fandroid-arm64 set size:200684 disposed:false
167 silly fetch manifest @cspotcode/source-map-support@0.8.1
168 silly packumentCache full:https://registry.npmjs.org/@cspotcode%2fsource-map-support cache-miss
169 http cache https://registry.npmjs.org/@esbuild%2ffreebsd-arm64 32ms (cache hit)
170 silly packumentCache full:https://registry.npmjs.org/@esbuild%2ffreebsd-arm64 set size:198853 disposed:false
171 silly fetch manifest sharp@^0.34.5
172 silly packumentCache full:https://registry.npmjs.org/sharp cache-miss
173 http cache https://registry.npmjs.org/@esbuild%2flinux-riscv64 31ms (cache hit)
174 silly packumentCache full:https://registry.npmjs.org/@esbuild%2flinux-riscv64 set size:198981 disposed:false
175 silly fetch manifest undici@7.24.8
176 silly packumentCache full:https://registry.npmjs.org/undici cache-miss
177 http cache https://registry.npmjs.org/@esbuild%2fopenbsd-arm64 30ms (cache hit)
178 silly packumentCache full:https://registry.npmjs.org/@esbuild%2fopenbsd-arm64 set size:46111 disposed:false
179 silly fetch manifest ws@8.18.0
180 silly packumentCache full:https://registry.npmjs.org/ws cache-miss
181 http cache https://registry.npmjs.org/@esbuild%2flinux-loong64 41ms (cache hit)
182 silly packumentCache full:https://registry.npmjs.org/@esbuild%2flinux-loong64 set size:252211 disposed:false
183 silly fetch manifest youch@4.1.0-beta.10
184 silly packumentCache full:https://registry.npmjs.org/youch cache-miss
185 http cache https://registry.npmjs.org/@esbuild%2flinux-mips64el 33ms (cache hit)
186 silly packumentCache full:https://registry.npmjs.org/@esbuild%2flinux-mips64el set size:201062 disposed:false
187 silly fetch manifest @cloudflare/workerd-linux-64@1.20260511.1
188 silly packumentCache full:https://registry.npmjs.org/@cloudflare%2fworkerd-linux-64 cache-miss
189 http cache https://registry.npmjs.org/@esbuild%2fopenharmony-arm64 32ms (cache hit)
190 silly packumentCache full:https://registry.npmjs.org/@esbuild%2fopenharmony-arm64 set size:29494 disposed:false
191 silly fetch manifest @cloudflare/workerd-darwin-64@1.20260511.1
192 silly packumentCache full:https://registry.npmjs.org/@cloudflare%2fworkerd-darwin-64 cache-miss
193 http cache https://registry.npmjs.org/@cspotcode%2fsource-map-support 30ms (cache hit)
194 silly packumentCache full:https://registry.npmjs.org/@cspotcode%2fsource-map-support set size:30214 disposed:false
195 silly fetch manifest @cloudflare/workerd-windows-64@1.20260511.1
196 silly packumentCache full:https://registry.npmjs.org/@cloudflare%2fworkerd-windows-64 cache-miss
197 http cache https://registry.npmjs.org/sharp 31ms (cache hit)
198 silly packumentCache full:https://registry.npmjs.org/sharp set size:1072564 disposed:false
199 silly fetch manifest @cloudflare/workerd-linux-arm64@1.20260511.1
200 silly packumentCache full:https://registry.npmjs.org/@cloudflare%2fworkerd-linux-arm64 cache-miss
201 http cache https://registry.npmjs.org/undici 61ms (cache hit)
202 silly packumentCache full:https://registry.npmjs.org/undici set size:1412963 disposed:false
203 silly fetch manifest @cloudflare/workerd-darwin-arm64@1.20260511.1
204 silly packumentCache full:https://registry.npmjs.org/@cloudflare%2fworkerd-darwin-arm64 cache-miss
205 http cache https://registry.npmjs.org/ws 81ms (cache hit)
206 silly packumentCache full:https://registry.npmjs.org/ws set size:418167 disposed:false
207 http cache https://registry.npmjs.org/youch 85ms (cache hit)
208 silly packumentCache full:https://registry.npmjs.org/youch set size:154842 disposed:false
209 http cache https://registry.npmjs.org/@cloudflare%2fworkerd-darwin-64 86ms (cache hit)
210 silly packumentCache full:https://registry.npmjs.org/@cloudflare%2fworkerd-darwin-64 set size:1611991 disposed:false
211 http cache https://registry.npmjs.org/@cloudflare%2fworkerd-linux-64 115ms (cache hit)
212 silly packumentCache full:https://registry.npmjs.org/@cloudflare%2fworkerd-linux-64 set size:1610217 disposed:false
213 http cache https://registry.npmjs.org/@cloudflare%2fworkerd-windows-64 137ms (cache hit)
214 silly packumentCache full:https://registry.npmjs.org/@cloudflare%2fworkerd-windows-64 set size:1519536 disposed:false
215 http cache https://registry.npmjs.org/@cloudflare%2fworkerd-darwin-arm64 104ms (cache hit)
216 silly packumentCache full:https://registry.npmjs.org/@cloudflare%2fworkerd-darwin-arm64 set size:1611506 disposed:false
217 http cache https://registry.npmjs.org/@cloudflare%2fworkerd-linux-arm64 171ms (cache hit)
218 silly packumentCache full:https://registry.npmjs.org/@cloudflare%2fworkerd-linux-arm64 set size:1602354 disposed:false
219 silly placeDep ROOT @esbuild/aix-ppc64@0.27.3 OK for: esbuild@0.27.3 want: 0.27.3
220 silly placeDep ROOT @esbuild/android-arm@0.27.3 OK for: esbuild@0.27.3 want: 0.27.3
221 silly placeDep ROOT @esbuild/android-arm64@0.27.3 OK for: esbuild@0.27.3 want: 0.27.3
222 silly placeDep ROOT @esbuild/android-x64@0.27.3 OK for: esbuild@0.27.3 want: 0.27.3
223 silly placeDep ROOT @esbuild/darwin-arm64@0.27.3 OK for: esbuild@0.27.3 want: 0.27.3
224 silly placeDep ROOT @esbuild/darwin-x64@0.27.3 OK for: esbuild@0.27.3 want: 0.27.3
225 silly placeDep ROOT @esbuild/freebsd-arm64@0.27.3 OK for: esbuild@0.27.3 want: 0.27.3
226 silly placeDep ROOT @esbuild/freebsd-x64@0.27.3 OK for: esbuild@0.27.3 want: 0.27.3
227 silly placeDep ROOT @esbuild/linux-arm@0.27.3 OK for: esbuild@0.27.3 want: 0.27.3
228 silly placeDep ROOT @esbuild/linux-arm64@0.27.3 OK for: esbuild@0.27.3 want: 0.27.3
229 silly placeDep ROOT @esbuild/linux-ia32@0.27.3 OK for: esbuild@0.27.3 want: 0.27.3
230 silly placeDep ROOT @esbuild/linux-loong64@0.27.3 OK for: esbuild@0.27.3 want: 0.27.3
231 silly placeDep ROOT @esbuild/linux-mips64el@0.27.3 OK for: esbuild@0.27.3 want: 0.27.3
232 silly placeDep ROOT @esbuild/linux-ppc64@0.27.3 OK for: esbuild@0.27.3 want: 0.27.3
233 silly placeDep ROOT @esbuild/linux-riscv64@0.27.3 OK for: esbuild@0.27.3 want: 0.27.3
234 silly placeDep ROOT @esbuild/linux-s390x@0.27.3 OK for: esbuild@0.27.3 want: 0.27.3
235 silly placeDep ROOT @esbuild/linux-x64@0.27.3 OK for: esbuild@0.27.3 want: 0.27.3
236 silly placeDep ROOT @esbuild/netbsd-arm64@0.27.3 OK for: esbuild@0.27.3 want: 0.27.3
237 silly placeDep ROOT @esbuild/netbsd-x64@0.27.3 OK for: esbuild@0.27.3 want: 0.27.3
238 silly placeDep ROOT @esbuild/openbsd-arm64@0.27.3 OK for: esbuild@0.27.3 want: 0.27.3
239 silly placeDep ROOT @esbuild/openbsd-x64@0.27.3 OK for: esbuild@0.27.3 want: 0.27.3
240 silly placeDep ROOT @esbuild/openharmony-arm64@0.27.3 OK for: esbuild@0.27.3 want: 0.27.3
241 silly placeDep ROOT @esbuild/sunos-x64@0.27.3 OK for: esbuild@0.27.3 want: 0.27.3
242 silly placeDep ROOT @esbuild/win32-arm64@0.27.3 OK for: esbuild@0.27.3 want: 0.27.3
243 silly placeDep ROOT @esbuild/win32-ia32@0.27.3 OK for: esbuild@0.27.3 want: 0.27.3
244 silly placeDep ROOT @esbuild/win32-x64@0.27.3 OK for: esbuild@0.27.3 want: 0.27.3
245 silly fetch manifest bufferutil@^4.0.1
246 silly packumentCache full:https://registry.npmjs.org/bufferutil cache-miss
247 http cache https://registry.npmjs.org/bufferutil 3ms (cache hit)
248 silly packumentCache full:https://registry.npmjs.org/bufferutil set size:52763 disposed:false
249 silly fetch manifest utf-8-validate@>=5.0.2
250 silly packumentCache full:https://registry.npmjs.org/utf-8-validate cache-miss
251 http cache https://registry.npmjs.org/utf-8-validate 3ms (cache hit)
252 silly packumentCache full:https://registry.npmjs.org/utf-8-validate set size:77148 disposed:false
253 silly placeDep ROOT @cspotcode/source-map-support@0.8.1 OK for: miniflare@4.20260511.0 want: 0.8.1
254 silly placeDep ROOT sharp@0.34.5 OK for: miniflare@4.20260511.0 want: ^0.34.5
255 silly placeDep ROOT undici@7.24.8 OK for: miniflare@4.20260511.0 want: 7.24.8
256 silly placeDep ROOT ws@8.18.0 OK for: miniflare@4.20260511.0 want: 8.18.0
257 silly placeDep ROOT youch@4.1.0-beta.10 OK for: miniflare@4.20260511.0 want: 4.1.0-beta.10
258 silly fetch manifest @jridgewell/trace-mapping@0.3.9
259 silly packumentCache full:https://registry.npmjs.org/@jridgewell%2ftrace-mapping cache-miss
260 silly fetch manifest semver@^7.7.3
261 silly packumentCache full:https://registry.npmjs.org/semver cache-miss
262 silly fetch manifest @img/colour@^1.0.0
263 silly packumentCache full:https://registry.npmjs.org/@img%2fcolour cache-miss
264 silly fetch manifest detect-libc@^2.1.2
265 silly packumentCache full:https://registry.npmjs.org/detect-libc cache-miss
266 silly fetch manifest @img/sharp-wasm32@0.34.5
267 silly packumentCache full:https://registry.npmjs.org/@img%2fsharp-wasm32 cache-miss
268 silly fetch manifest @img/sharp-linux-arm@0.34.5
269 silly packumentCache full:https://registry.npmjs.org/@img%2fsharp-linux-arm cache-miss
270 silly fetch manifest @img/sharp-linux-x64@0.34.5
271 silly packumentCache full:https://registry.npmjs.org/@img%2fsharp-linux-x64 cache-miss
272 http cache https://registry.npmjs.org/@jridgewell%2ftrace-mapping 13ms (cache hit)
273 silly packumentCache full:https://registry.npmjs.org/@jridgewell%2ftrace-mapping set size:170909 disposed:false
274 silly fetch manifest @img/sharp-win32-x64@0.34.5
275 silly packumentCache full:https://registry.npmjs.org/@img%2fsharp-win32-x64 cache-miss
276 http cache https://registry.npmjs.org/semver 17ms (cache hit)
277 silly packumentCache full:https://registry.npmjs.org/semver set size:233058 disposed:false
278 silly fetch manifest @img/sharp-darwin-x64@0.34.5
279 silly packumentCache full:https://registry.npmjs.org/@img%2fsharp-darwin-x64 cache-miss
280 http cache https://registry.npmjs.org/@img%2fsharp-linux-arm 21ms (cache hit)
281 silly packumentCache full:https://registry.npmjs.org/@img%2fsharp-linux-arm set size:75025 disposed:false
282 silly fetch manifest @img/sharp-win32-ia32@0.34.5
283 silly packumentCache full:https://registry.npmjs.org/@img%2fsharp-win32-ia32 cache-miss
284 http cache https://registry.npmjs.org/detect-libc 25ms (cache hit)
285 silly packumentCache full:https://registry.npmjs.org/detect-libc set size:47861 disposed:false
286 silly fetch manifest @img/sharp-linux-arm64@0.34.5
287 silly packumentCache full:https://registry.npmjs.org/@img%2fsharp-linux-arm64 cache-miss
288 http cache https://registry.npmjs.org/@img%2fcolour 29ms (cache hit)
289 silly packumentCache full:https://registry.npmjs.org/@img%2fcolour set size:9701 disposed:false
290 silly fetch manifest @img/sharp-linux-ppc64@0.34.5
291 silly packumentCache full:https://registry.npmjs.org/@img%2fsharp-linux-ppc64 cache-miss
292 http cache https://registry.npmjs.org/@img%2fsharp-linux-x64 29ms (cache hit)
293 silly packumentCache full:https://registry.npmjs.org/@img%2fsharp-linux-x64 set size:74659 disposed:false
294 silly fetch manifest @img/sharp-linux-s390x@0.34.5
295 silly packumentCache full:https://registry.npmjs.org/@img%2fsharp-linux-s390x cache-miss
296 http cache https://registry.npmjs.org/@img%2fsharp-wasm32 33ms (cache hit)
297 silly packumentCache full:https://registry.npmjs.org/@img%2fsharp-wasm32 set size:69437 disposed:false
298 silly fetch manifest @img/sharp-win32-arm64@0.34.5
299 silly packumentCache full:https://registry.npmjs.org/@img%2fsharp-win32-arm64 cache-miss
300 http cache https://registry.npmjs.org/@img%2fsharp-win32-x64 28ms (cache hit)
301 silly packumentCache full:https://registry.npmjs.org/@img%2fsharp-win32-x64 set size:72477 disposed:false
302 silly fetch manifest @img/sharp-darwin-arm64@0.34.5
303 silly packumentCache full:https://registry.npmjs.org/@img%2fsharp-darwin-arm64 cache-miss
304 http cache https://registry.npmjs.org/@img%2fsharp-linux-arm64 18ms (cache hit)
305 silly packumentCache full:https://registry.npmjs.org/@img%2fsharp-linux-arm64 set size:75657 disposed:false
306 silly fetch manifest @img/sharp-linux-riscv64@0.34.5
307 silly packumentCache full:https://registry.npmjs.org/@img%2fsharp-linux-riscv64 cache-miss
308 http cache https://registry.npmjs.org/@img%2fsharp-darwin-x64 27ms (cache hit)
309 silly packumentCache full:https://registry.npmjs.org/@img%2fsharp-darwin-x64 set size:75437 disposed:false
310 silly fetch manifest @img/sharp-linuxmusl-x64@0.34.5
311 silly packumentCache full:https://registry.npmjs.org/@img%2fsharp-linuxmusl-x64 cache-miss
312 http cache https://registry.npmjs.org/@img%2fsharp-win32-ia32 27ms (cache hit)
313 silly packumentCache full:https://registry.npmjs.org/@img%2fsharp-win32-ia32 set size:73172 disposed:false
314 silly fetch manifest @img/sharp-linuxmusl-arm64@0.34.5
315 silly packumentCache full:https://registry.npmjs.org/@img%2fsharp-linuxmusl-arm64 cache-miss
316 http cache https://registry.npmjs.org/@img%2fsharp-linux-ppc64 24ms (cache hit)
317 silly packumentCache full:https://registry.npmjs.org/@img%2fsharp-linux-ppc64 set size:40341 disposed:false
318 silly fetch manifest @img/sharp-libvips-linux-arm@1.2.4
319 silly packumentCache full:https://registry.npmjs.org/@img%2fsharp-libvips-linux-arm cache-miss
320 http cache https://registry.npmjs.org/@img%2fsharp-linux-s390x 25ms (cache hit)
321 silly packumentCache full:https://registry.npmjs.org/@img%2fsharp-linux-s390x set size:73603 disposed:false
322 silly fetch manifest @img/sharp-libvips-linux-x64@1.2.4
323 silly packumentCache full:https://registry.npmjs.org/@img%2fsharp-libvips-linux-x64 cache-miss
324 http cache https://registry.npmjs.org/@img%2fsharp-win32-arm64 24ms (cache hit)
325 silly packumentCache full:https://registry.npmjs.org/@img%2fsharp-win32-arm64 set size:32122 disposed:false
326 silly fetch manifest @img/sharp-libvips-darwin-x64@1.2.4
327 silly packumentCache full:https://registry.npmjs.org/@img%2fsharp-libvips-darwin-x64 cache-miss
328 http cache https://registry.npmjs.org/@img%2fsharp-linux-riscv64 21ms (cache hit)
329 silly packumentCache full:https://registry.npmjs.org/@img%2fsharp-linux-riscv64 set size:17504 disposed:false
330 silly fetch manifest @img/sharp-libvips-linux-arm64@1.2.4
331 silly packumentCache full:https://registry.npmjs.org/@img%2fsharp-libvips-linux-arm64 cache-miss
332 http cache https://registry.npmjs.org/@img%2fsharp-darwin-arm64 26ms (cache hit)
333 silly packumentCache full:https://registry.npmjs.org/@img%2fsharp-darwin-arm64 set size:76460 disposed:false
334 silly fetch manifest @img/sharp-libvips-linux-ppc64@1.2.4
335 silly packumentCache full:https://registry.npmjs.org/@img%2fsharp-libvips-linux-ppc64 cache-miss
336 http cache https://registry.npmjs.org/@img%2fsharp-linuxmusl-arm64 20ms (cache hit)
337 silly packumentCache full:https://registry.npmjs.org/@img%2fsharp-linuxmusl-arm64 set size:76866 disposed:false
338 silly fetch manifest @img/sharp-libvips-linux-s390x@1.2.4
339 silly packumentCache full:https://registry.npmjs.org/@img%2fsharp-libvips-linux-s390x cache-miss
340 http cache https://registry.npmjs.org/@img%2fsharp-linuxmusl-x64 26ms (cache hit)
341 silly packumentCache full:https://registry.npmjs.org/@img%2fsharp-linuxmusl-x64 set size:75867 disposed:false
342 silly fetch manifest @img/sharp-libvips-darwin-arm64@1.2.4
343 silly packumentCache full:https://registry.npmjs.org/@img%2fsharp-libvips-darwin-arm64 cache-miss
344 http cache https://registry.npmjs.org/@img%2fsharp-libvips-linux-arm 23ms (cache hit)
345 silly packumentCache full:https://registry.npmjs.org/@img%2fsharp-libvips-linux-arm set size:67087 disposed:false
346 silly fetch manifest @img/sharp-libvips-linux-riscv64@1.2.4
347 silly packumentCache full:https://registry.npmjs.org/@img%2fsharp-libvips-linux-riscv64 cache-miss
348 http cache https://registry.npmjs.org/@img%2fsharp-libvips-darwin-x64 21ms (cache hit)
349 silly packumentCache full:https://registry.npmjs.org/@img%2fsharp-libvips-darwin-x64 set size:60181 disposed:false
350 silly fetch manifest @img/sharp-libvips-linuxmusl-x64@1.2.4
351 silly packumentCache full:https://registry.npmjs.org/@img%2fsharp-libvips-linuxmusl-x64 cache-miss
352 http cache https://registry.npmjs.org/@img%2fsharp-libvips-linux-x64 26ms (cache hit)
353 silly packumentCache full:https://registry.npmjs.org/@img%2fsharp-libvips-linux-x64 set size:65113 disposed:false
354 silly fetch manifest @img/sharp-libvips-linuxmusl-arm64@1.2.4
355 silly packumentCache full:https://registry.npmjs.org/@img%2fsharp-libvips-linuxmusl-arm64 cache-miss
356 http cache https://registry.npmjs.org/@img%2fsharp-libvips-linux-ppc64 21ms (cache hit)
357 silly packumentCache full:https://registry.npmjs.org/@img%2fsharp-libvips-linux-ppc64 set size:51223 disposed:false
358 silly fetch manifest cookie@^1.0.2
359 silly packumentCache full:https://registry.npmjs.org/cookie cache-miss
360 http cache https://registry.npmjs.org/@img%2fsharp-libvips-darwin-arm64 19ms (cache hit)
361 silly packumentCache full:https://registry.npmjs.org/@img%2fsharp-libvips-darwin-arm64 set size:60863 disposed:false
362 silly fetch manifest youch-core@^0.3.3
363 silly packumentCache full:https://registry.npmjs.org/youch-core cache-miss
364 http cache https://registry.npmjs.org/@img%2fsharp-libvips-linux-s390x 24ms (cache hit)
365 silly packumentCache full:https://registry.npmjs.org/@img%2fsharp-libvips-linux-s390x set size:60203 disposed:false
366 silly fetch manifest @poppinss/colors@^4.1.5
367 silly packumentCache full:https://registry.npmjs.org/@poppinss%2fcolors cache-miss
368 http cache https://registry.npmjs.org/@img%2fsharp-libvips-linux-riscv64 20ms (cache hit)
369 silly packumentCache full:https://registry.npmjs.org/@img%2fsharp-libvips-linux-riscv64 set size:37238 disposed:false
370 silly fetch manifest @poppinss/dumper@^0.6.4
371 silly packumentCache full:https://registry.npmjs.org/@poppinss%2fdumper cache-miss
372 http cache https://registry.npmjs.org/@img%2fsharp-libvips-linuxmusl-x64 20ms (cache hit)
373 silly packumentCache full:https://registry.npmjs.org/@img%2fsharp-libvips-linuxmusl-x64 set size:62225 disposed:false
374 silly fetch manifest @speed-highlight/core@^1.2.7
375 silly packumentCache full:https://registry.npmjs.org/@speed-highlight%2fcore cache-miss
376 http cache https://registry.npmjs.org/@img%2fsharp-libvips-linux-arm64 35ms (cache hit)
377 silly packumentCache full:https://registry.npmjs.org/@img%2fsharp-libvips-linux-arm64 set size:64016 disposed:false
378 http cache https://registry.npmjs.org/@img%2fsharp-libvips-linuxmusl-arm64 21ms (cache hit)
379 silly packumentCache full:https://registry.npmjs.org/@img%2fsharp-libvips-linuxmusl-arm64 set size:62945 disposed:false
380 http cache https://registry.npmjs.org/@poppinss%2fcolors 15ms (cache hit)
381 silly packumentCache full:https://registry.npmjs.org/@poppinss%2fcolors set size:139208 disposed:false
382 http cache https://registry.npmjs.org/cookie 23ms (cache hit)
383 silly packumentCache full:https://registry.npmjs.org/cookie set size:72891 disposed:false
384 http cache https://registry.npmjs.org/@poppinss%2fdumper 19ms (cache hit)
385 silly packumentCache full:https://registry.npmjs.org/@poppinss%2fdumper set size:90076 disposed:false
386 http cache https://registry.npmjs.org/youch-core 27ms (cache hit)
387 silly packumentCache full:https://registry.npmjs.org/youch-core set size:45040 disposed:false
388 http cache https://registry.npmjs.org/@speed-highlight%2fcore 21ms (cache hit)
389 silly packumentCache full:https://registry.npmjs.org/@speed-highlight%2fcore set size:75220 disposed:false
390 silly placeDep ROOT @jridgewell/trace-mapping@0.3.9 OK for: @cspotcode/source-map-support@0.8.1 want: 0.3.9
391 silly fetch manifest @jridgewell/resolve-uri@^3.0.3
392 silly packumentCache full:https://registry.npmjs.org/@jridgewell%2fresolve-uri cache-miss
393 silly fetch manifest @jridgewell/sourcemap-codec@^1.4.10
394 silly packumentCache full:https://registry.npmjs.org/@jridgewell%2fsourcemap-codec cache-miss
395 http cache https://registry.npmjs.org/@jridgewell%2fsourcemap-codec 4ms (cache hit)
396 silly packumentCache full:https://registry.npmjs.org/@jridgewell%2fsourcemap-codec set size:59275 disposed:false
397 http cache https://registry.npmjs.org/@jridgewell%2fresolve-uri 6ms (cache hit)
398 silly packumentCache full:https://registry.npmjs.org/@jridgewell%2fresolve-uri set size:57361 disposed:false
399 silly placeDep ROOT @jridgewell/resolve-uri@3.1.2 OK for: @jridgewell/trace-mapping@0.3.9 want: ^3.0.3
400 silly placeDep ROOT @jridgewell/sourcemap-codec@1.5.5 OK for: @jridgewell/trace-mapping@0.3.9 want: ^1.4.10
401 silly placeDep ROOT @img/colour@1.1.0 OK for: sharp@0.34.5 want: ^1.0.0
402 silly placeDep ROOT @img/sharp-darwin-arm64@0.34.5 OK for: sharp@0.34.5 want: 0.34.5
403 silly placeDep ROOT @img/sharp-darwin-x64@0.34.5 OK for: sharp@0.34.5 want: 0.34.5
404 silly placeDep ROOT @img/sharp-libvips-darwin-arm64@1.2.4 OK for: sharp@0.34.5 want: 1.2.4
405 silly placeDep ROOT @img/sharp-libvips-darwin-x64@1.2.4 OK for: sharp@0.34.5 want: 1.2.4
406 silly placeDep ROOT @img/sharp-libvips-linux-arm@1.2.4 OK for: sharp@0.34.5 want: 1.2.4
407 silly placeDep ROOT @img/sharp-libvips-linux-arm64@1.2.4 OK for: sharp@0.34.5 want: 1.2.4
408 silly placeDep ROOT @img/sharp-libvips-linux-ppc64@1.2.4 OK for: sharp@0.34.5 want: 1.2.4
409 silly placeDep ROOT @img/sharp-libvips-linux-riscv64@1.2.4 OK for: sharp@0.34.5 want: 1.2.4
410 silly placeDep ROOT @img/sharp-libvips-linux-s390x@1.2.4 OK for: sharp@0.34.5 want: 1.2.4
411 silly placeDep ROOT @img/sharp-libvips-linux-x64@1.2.4 OK for: sharp@0.34.5 want: 1.2.4
412 silly placeDep ROOT @img/sharp-libvips-linuxmusl-arm64@1.2.4 OK for: sharp@0.34.5 want: 1.2.4
413 silly placeDep ROOT @img/sharp-libvips-linuxmusl-x64@1.2.4 OK for: sharp@0.34.5 want: 1.2.4
414 silly placeDep ROOT @img/sharp-linux-arm@0.34.5 OK for: sharp@0.34.5 want: 0.34.5
415 silly placeDep ROOT @img/sharp-linux-arm64@0.34.5 OK for: sharp@0.34.5 want: 0.34.5
416 silly placeDep ROOT @img/sharp-linux-ppc64@0.34.5 OK for: sharp@0.34.5 want: 0.34.5
417 silly placeDep ROOT @img/sharp-linux-riscv64@0.34.5 OK for: sharp@0.34.5 want: 0.34.5
418 silly placeDep ROOT @img/sharp-linux-s390x@0.34.5 OK for: sharp@0.34.5 want: 0.34.5
419 silly placeDep ROOT @img/sharp-linux-x64@0.34.5 OK for: sharp@0.34.5 want: 0.34.5
420 silly placeDep ROOT @img/sharp-linuxmusl-arm64@0.34.5 OK for: sharp@0.34.5 want: 0.34.5
421 silly placeDep ROOT @img/sharp-linuxmusl-x64@0.34.5 OK for: sharp@0.34.5 want: 0.34.5
422 silly placeDep ROOT @img/sharp-wasm32@0.34.5 OK for: sharp@0.34.5 want: 0.34.5
423 silly placeDep ROOT @img/sharp-win32-arm64@0.34.5 OK for: sharp@0.34.5 want: 0.34.5
424 silly placeDep ROOT @img/sharp-win32-ia32@0.34.5 OK for: sharp@0.34.5 want: 0.34.5
425 silly placeDep ROOT @img/sharp-win32-x64@0.34.5 OK for: sharp@0.34.5 want: 0.34.5
426 silly placeDep ROOT detect-libc@2.1.2 OK for: sharp@0.34.5 want: ^2.1.2
427 silly placeDep ROOT semver@7.8.0 OK for: sharp@0.34.5 want: ^7.7.3
428 silly fetch manifest @emnapi/runtime@^1.7.0
429 silly packumentCache full:https://registry.npmjs.org/@emnapi%2fruntime cache-miss
430 http cache https://registry.npmjs.org/@emnapi%2fruntime 10ms (cache hit)
431 silly packumentCache full:https://registry.npmjs.org/@emnapi%2fruntime set size:108129 disposed:false
432 silly placeDep ROOT @emnapi/runtime@1.10.0 OK for: @img/sharp-wasm32@0.34.5 want: ^1.7.0
433 silly fetch manifest tslib@^2.4.0
434 silly packumentCache full:https://registry.npmjs.org/tslib cache-miss
435 http cache https://registry.npmjs.org/tslib 4ms (cache hit)
436 silly packumentCache full:https://registry.npmjs.org/tslib set size:108760 disposed:false
437 silly placeDep ROOT tslib@2.8.1 OK for: @emnapi/runtime@1.10.0 want: ^2.4.0
438 silly placeDep ROOT pathe@2.0.3 OK for: unenv@2.0.0-rc.24 want: ^2.0.3
439 silly placeDep ROOT @cloudflare/workerd-darwin-64@1.20260511.1 OK for: workerd@1.20260511.1 want: 1.20260511.1
440 silly placeDep ROOT @cloudflare/workerd-darwin-arm64@1.20260511.1 OK for: workerd@1.20260511.1 want: 1.20260511.1
441 silly placeDep ROOT @cloudflare/workerd-linux-64@1.20260511.1 OK for: workerd@1.20260511.1 want: 1.20260511.1
442 silly placeDep ROOT @cloudflare/workerd-linux-arm64@1.20260511.1 OK for: workerd@1.20260511.1 want: 1.20260511.1
443 silly placeDep ROOT @cloudflare/workerd-windows-64@1.20260511.1 OK for: workerd@1.20260511.1 want: 1.20260511.1
444 silly placeDep ROOT @poppinss/colors@4.1.6 OK for: youch@4.1.0-beta.10 want: ^4.1.5
445 silly placeDep ROOT @poppinss/dumper@0.6.5 OK for: youch@4.1.0-beta.10 want: ^0.6.4
446 silly placeDep ROOT @speed-highlight/core@1.2.15 OK for: youch@4.1.0-beta.10 want: ^1.2.7
447 silly placeDep ROOT cookie@1.1.1 OK for: youch@4.1.0-beta.10 want: ^1.0.2
448 silly placeDep ROOT youch-core@0.3.3 OK for: youch@4.1.0-beta.10 want: ^0.3.3
449 silly fetch manifest kleur@^4.1.5
450 silly packumentCache full:https://registry.npmjs.org/kleur cache-miss
451 silly fetch manifest supports-color@^10.0.0
452 silly packumentCache full:https://registry.npmjs.org/supports-color cache-miss
453 silly fetch manifest @sindresorhus/is@^7.0.2
454 silly packumentCache full:https://registry.npmjs.org/@sindresorhus%2fis cache-miss
455 silly fetch manifest @poppinss/exception@^1.2.2
456 silly packumentCache full:https://registry.npmjs.org/@poppinss%2fexception cache-miss
457 silly fetch manifest error-stack-parser-es@^1.0.5
458 silly packumentCache full:https://registry.npmjs.org/error-stack-parser-es cache-miss
459 http cache https://registry.npmjs.org/error-stack-parser-es 8ms (cache hit)
460 silly packumentCache full:https://registry.npmjs.org/error-stack-parser-es set size:21097 disposed:false
461 http cache https://registry.npmjs.org/@poppinss%2fexception 10ms (cache hit)
462 silly packumentCache full:https://registry.npmjs.org/@poppinss%2fexception set size:19704 disposed:false
463 http cache https://registry.npmjs.org/supports-color 12ms (cache hit)
464 silly packumentCache full:https://registry.npmjs.org/supports-color set size:118680 disposed:false
465 http cache https://registry.npmjs.org/kleur 16ms (cache hit)
466 silly packumentCache full:https://registry.npmjs.org/kleur set size:61853 disposed:false
467 http cache https://registry.npmjs.org/@sindresorhus%2fis 17ms (cache hit)
468 silly packumentCache full:https://registry.npmjs.org/@sindresorhus%2fis set size:202184 disposed:false
469 silly placeDep ROOT kleur@4.1.5 OK for: @poppinss/colors@4.1.6 want: ^4.1.5
470 silly placeDep ROOT @sindresorhus/is@7.2.0 OK for: @poppinss/dumper@0.6.5 want: ^7.0.2
471 silly placeDep ROOT supports-color@10.2.2 OK for: @poppinss/dumper@0.6.5 want: ^10.0.0
472 silly placeDep ROOT @poppinss/exception@1.2.3 OK for: youch-core@0.3.3 want: ^1.2.2
473 silly placeDep ROOT error-stack-parser-es@1.0.5 OK for: youch-core@0.3.3 want: ^1.0.5
474 silly reify moves {}
475 silly audit bulk request {
475 silly audit   wrangler: [ '4.91.0' ],
475 silly audit   '@cloudflare/kv-asset-handler': [ '0.5.0' ],
475 silly audit   '@cloudflare/unenv-preset': [ '2.16.1' ],
475 silly audit   unenv: [ '2.0.0-rc.24' ],
475 silly audit   'blake3-wasm': [ '2.1.5' ],
475 silly audit   esbuild: [ '0.27.3' ],
475 silly audit   fsevents: [ '2.3.3' ],
475 silly audit   miniflare: [ '4.20260511.0' ],
475 silly audit   'path-to-regexp': [ '6.3.0' ],
475 silly audit   workerd: [ '1.20260511.1' ],
475 silly audit   '@esbuild/aix-ppc64': [ '0.27.3' ],
475 silly audit   '@esbuild/android-arm': [ '0.27.3' ],
475 silly audit   '@esbuild/android-arm64': [ '0.27.3' ],
475 silly audit   '@esbuild/android-x64': [ '0.27.3' ],
475 silly audit   '@esbuild/darwin-arm64': [ '0.27.3' ],
475 silly audit   '@esbuild/darwin-x64': [ '0.27.3' ],
475 silly audit   '@esbuild/freebsd-arm64': [ '0.27.3' ],
475 silly audit   '@esbuild/freebsd-x64': [ '0.27.3' ],
475 silly audit   '@esbuild/linux-arm': [ '0.27.3' ],
475 silly audit   '@esbuild/linux-arm64': [ '0.27.3' ],
475 silly audit   '@esbuild/linux-ia32': [ '0.27.3' ],
475 silly audit   '@esbuild/linux-loong64': [ '0.27.3' ],
475 silly audit   '@esbuild/linux-mips64el': [ '0.27.3' ],
475 silly audit   '@esbuild/linux-ppc64': [ '0.27.3' ],
475 silly audit   '@esbuild/linux-riscv64': [ '0.27.3' ],
475 silly audit   '@esbuild/linux-s390x': [ '0.27.3' ],
475 silly audit   '@esbuild/linux-x64': [ '0.27.3' ],
475 silly audit   '@esbuild/netbsd-arm64': [ '0.27.3' ],
475 silly audit   '@esbuild/netbsd-x64': [ '0.27.3' ],
475 silly audit   '@esbuild/openbsd-arm64': [ '0.27.3' ],
475 silly audit   '@esbuild/openbsd-x64': [ '0.27.3' ],
475 silly audit   '@esbuild/openharmony-arm64': [ '0.27.3' ],
475 silly audit   '@esbuild/sunos-x64': [ '0.27.3' ],
475 silly audit   '@esbuild/win32-arm64': [ '0.27.3' ],
475 silly audit   '@esbuild/win32-ia32': [ '0.27.3' ],
475 silly audit   '@esbuild/win32-x64': [ '0.27.3' ],
475 silly audit   '@cspotcode/source-map-support': [ '0.8.1' ],
475 silly audit   sharp: [ '0.34.5' ],
475 silly audit   undici: [ '7.24.8' ],
475 silly audit   ws: [ '8.18.0' ],
475 silly audit   youch: [ '4.1.0-beta.10' ],
475 silly audit   '@jridgewell/trace-mapping': [ '0.3.9' ],
475 silly audit   '@jridgewell/resolve-uri': [ '3.1.2' ],
475 silly audit   '@jridgewell/sourcemap-codec': [ '1.5.5' ],
475 silly audit   '@img/colour': [ '1.1.0' ],
475 silly audit   '@img/sharp-darwin-arm64': [ '0.34.5' ],
475 silly audit   '@img/sharp-darwin-x64': [ '0.34.5' ],
475 silly audit   '@img/sharp-libvips-darwin-arm64': [ '1.2.4' ],
475 silly audit   '@img/sharp-libvips-darwin-x64': [ '1.2.4' ],
475 silly audit   '@img/sharp-libvips-linux-arm': [ '1.2.4' ],
475 silly audit   '@img/sharp-libvips-linux-arm64': [ '1.2.4' ],
475 silly audit   '@img/sharp-libvips-linux-ppc64': [ '1.2.4' ],
475 silly audit   '@img/sharp-libvips-linux-riscv64': [ '1.2.4' ],
475 silly audit   '@img/sharp-libvips-linux-s390x': [ '1.2.4' ],
475 silly audit   '@img/sharp-libvips-linux-x64': [ '1.2.4' ],
475 silly audit   '@img/sharp-libvips-linuxmusl-arm64': [ '1.2.4' ],
475 silly audit   '@img/sharp-libvips-linuxmusl-x64': [ '1.2.4' ],
475 silly audit   '@img/sharp-linux-arm': [ '0.34.5' ],
475 silly audit   '@img/sharp-linux-arm64': [ '0.34.5' ],
475 silly audit   '@img/sharp-linux-ppc64': [ '0.34.5' ],
475 silly audit   '@img/sharp-linux-riscv64': [ '0.34.5' ],
475 silly audit   '@img/sharp-linux-s390x': [ '0.34.5' ],
475 silly audit   '@img/sharp-linux-x64': [ '0.34.5' ],
475 silly audit   '@img/sharp-linuxmusl-arm64': [ '0.34.5' ],
475 silly audit   '@img/sharp-linuxmusl-x64': [ '0.34.5' ],
475 silly audit   '@img/sharp-wasm32': [ '0.34.5' ],
475 silly audit   '@img/sharp-win32-arm64': [ '0.34.5' ],
475 silly audit   '@img/sharp-win32-ia32': [ '0.34.5' ],
475 silly audit   '@img/sharp-win32-x64': [ '0.34.5' ],
475 silly audit   'detect-libc': [ '2.1.2' ],
475 silly audit   semver: [ '7.8.0' ],
475 silly audit   '@emnapi/runtime': [ '1.10.0' ],
475 silly audit   tslib: [ '2.8.1' ],
475 silly audit   pathe: [ '2.0.3' ],
475 silly audit   '@cloudflare/workerd-darwin-64': [ '1.20260511.1' ],
475 silly audit   '@cloudflare/workerd-darwin-arm64': [ '1.20260511.1' ],
475 silly audit   '@cloudflare/workerd-linux-64': [ '1.20260511.1' ],
475 silly audit   '@cloudflare/workerd-linux-arm64': [ '1.20260511.1' ],
475 silly audit   '@cloudflare/workerd-windows-64': [ '1.20260511.1' ],
475 silly audit   '@poppinss/colors': [ '4.1.6' ],
475 silly audit   '@poppinss/dumper': [ '0.6.5' ],
475 silly audit   '@speed-highlight/core': [ '1.2.15' ],
475 silly audit   cookie: [ '1.1.1' ],
475 silly audit   'youch-core': [ '0.3.3' ],
475 silly audit   kleur: [ '4.1.5' ],
475 silly audit   '@sindresorhus/is': [ '7.2.0' ],
475 silly audit   'supports-color': [ '10.2.2' ],
475 silly audit   '@poppinss/exception': [ '1.2.3' ],
475 silly audit   'error-stack-parser-es': [ '1.0.5' ]
475 silly audit }
476 http cache error-stack-parser-es@https://registry.npmjs.org/error-stack-parser-es/-/error-stack-parser-es-1.0.5.tgz 0ms (cache hit)
477 http cache supports-color@https://registry.npmjs.org/supports-color/-/supports-color-10.2.2.tgz 0ms (cache hit)
478 http cache @sindresorhus/is@https://registry.npmjs.org/@sindresorhus/is/-/is-7.2.0.tgz 0ms (cache hit)
479 http cache @poppinss/exception@https://registry.npmjs.org/@poppinss/exception/-/exception-1.2.3.tgz 0ms (cache hit)
480 http cache kleur@https://registry.npmjs.org/kleur/-/kleur-4.1.5.tgz 0ms (cache hit)
481 http cache cookie@https://registry.npmjs.org/cookie/-/cookie-1.1.1.tgz 0ms (cache hit)
482 http cache youch-core@https://registry.npmjs.org/youch-core/-/youch-core-0.3.3.tgz 0ms (cache hit)
483 http cache @speed-highlight/core@https://registry.npmjs.org/@speed-highlight/core/-/core-1.2.15.tgz 0ms (cache hit)
484 http cache @poppinss/colors@https://registry.npmjs.org/@poppinss/colors/-/colors-4.1.6.tgz 0ms (cache hit)
485 http cache @poppinss/dumper@https://registry.npmjs.org/@poppinss/dumper/-/dumper-0.6.5.tgz 0ms (cache hit)
486 http cache pathe@https://registry.npmjs.org/pathe/-/pathe-2.0.3.tgz 0ms (cache hit)
487 http cache semver@https://registry.npmjs.org/semver/-/semver-7.8.0.tgz 0ms (cache hit)
488 http cache detect-libc@https://registry.npmjs.org/detect-libc/-/detect-libc-2.1.2.tgz 0ms (cache hit)
489 http cache @jridgewell/sourcemap-codec@https://registry.npmjs.org/@jridgewell/sourcemap-codec/-/sourcemap-codec-1.5.5.tgz 0ms (cache hit)
490 http cache @img/colour@https://registry.npmjs.org/@img/colour/-/colour-1.1.0.tgz 0ms (cache hit)
491 http cache @jridgewell/resolve-uri@https://registry.npmjs.org/@jridgewell/resolve-uri/-/resolve-uri-3.1.2.tgz 0ms (cache hit)
492 http cache @jridgewell/trace-mapping@https://registry.npmjs.org/@jridgewell/trace-mapping/-/trace-mapping-0.3.9.tgz 0ms (cache hit)
493 http cache youch@https://registry.npmjs.org/youch/-/youch-4.1.0-beta.10.tgz 0ms (cache hit)
494 http cache undici@https://registry.npmjs.org/undici/-/undici-7.24.8.tgz 0ms (cache hit)
495 http cache ws@https://registry.npmjs.org/ws/-/ws-8.18.0.tgz 0ms (cache hit)
496 http cache sharp@https://registry.npmjs.org/sharp/-/sharp-0.34.5.tgz 0ms (cache hit)
497 http cache @esbuild/android-arm64@https://registry.npmjs.org/@esbuild/android-arm64/-/android-arm64-0.27.3.tgz 0ms (cache hit)
498 http cache @cspotcode/source-map-support@https://registry.npmjs.org/@cspotcode/source-map-support/-/source-map-support-0.8.1.tgz 0ms (cache hit)
499 http cache workerd@https://registry.npmjs.org/workerd/-/workerd-1.20260511.1.tgz 0ms (cache hit)
500 http cache miniflare@https://registry.npmjs.org/miniflare/-/miniflare-4.20260511.0.tgz 0ms (cache hit)
501 http cache path-to-regexp@https://registry.npmjs.org/path-to-regexp/-/path-to-regexp-6.3.0.tgz 0ms (cache hit)
502 http cache esbuild@https://registry.npmjs.org/esbuild/-/esbuild-0.27.3.tgz 0ms (cache hit)
503 http cache blake3-wasm@https://registry.npmjs.org/blake3-wasm/-/blake3-wasm-2.1.5.tgz 0ms (cache hit)
504 http cache unenv@https://registry.npmjs.org/unenv/-/unenv-2.0.0-rc.24.tgz 0ms (cache hit)
505 http cache @cloudflare/unenv-preset@https://registry.npmjs.org/@cloudflare/unenv-preset/-/unenv-preset-2.16.1.tgz 0ms (cache hit)
506 http cache @cloudflare/kv-asset-handler@https://registry.npmjs.org/@cloudflare/kv-asset-handler/-/kv-asset-handler-0.5.0.tgz 0ms (cache hit)
507 http cache wrangler@https://registry.npmjs.org/wrangler/-/wrangler-4.91.0.tgz 0ms (cache hit)
508 http fetch POST 200 https://registry.npmjs.org/-/npm/v1/security/advisories/bulk 433ms
509 silly audit report {}
510 info run sharp@0.34.5 install node_modules/sharp node install/check.js || npm run build
511 info run sharp@0.34.5 install { code: 0, signal: null }
512 info run esbuild@0.27.3 postinstall node_modules/esbuild node install.js
513 info run workerd@1.20260511.1 postinstall node_modules/workerd node install.js
514 info run workerd@1.20260511.1 postinstall { code: 1, signal: null }
515 silly unfinished npm timer reify 1778829504218
516 silly unfinished npm timer reify:build 1778829506796
517 silly unfinished npm timer build 1778829506797
518 silly unfinished npm timer build:deps 1778829506797
519 silly unfinished npm timer build:run:postinstall 1778829507124
520 silly unfinished npm timer build:run:postinstall:node_modules/esbuild 1778829507124
521 silly unfinished npm timer build:run:postinstall:node_modules/workerd 1778829507158
522 verbose cwd /data/data/com.termux/files/home/my-music-worker
523 verbose os Linux 5.10.236-android12-9-31998796-abS906EXXSDGZB6
524 verbose node v25.8.2
525 verbose npm  v11.14.1
526 verbose exit 1
527 verbose code 1
