0 verbose cli /data/data/com.termux/files/usr/bin/node /data/data/com.termux/files/usr/bin/npm
1 info using npm@11.14.1
2 info using node@v25.8.2
3 silly config load:file:/data/data/com.termux/files/usr/lib/node_modules/npm/npmrc
4 silly config load:file:/data/data/com.termux/files/home/.npmrc
5 silly config load:file:/data/data/com.termux/files/usr/etc/npmrc
6 verbose title npm install wrangler
7 verbose argv "install" "--global" "wrangler"
8 verbose logfile logs-max:10 dir:/data/data/com.termux/files/home/.npm/_logs/2026-05-15T12_31_20_168Z-
9 verbose logfile /data/data/com.termux/files/home/.npm/_logs/2026-05-15T12_31_20_168Z-debug-0.log
10 silly packumentCache heap:1174405120 maxSize:293601280 maxEntrySize:146800640
11 silly logfile done cleaning log files
12 silly idealTree buildDeps
13 silly fetch manifest wrangler@*
14 silly packumentCache full:https://registry.npmjs.org/wrangler cache-miss
15 http fetch GET 200 https://registry.npmjs.org/wrangler 783ms (cache updated)
16 silly packumentCache full:https://registry.npmjs.org/wrangler set size:undefined disposed:false
17 silly placeDep ROOT wrangler@4.92.0 OK for:  want: *
18 silly fetch manifest blake3-wasm@2.1.5
19 silly packumentCache full:https://registry.npmjs.org/blake3-wasm cache-miss
20 silly fetch manifest esbuild@0.27.3
21 silly packumentCache full:https://registry.npmjs.org/esbuild cache-miss
22 silly fetch manifest path-to-regexp@6.3.0
23 silly packumentCache full:https://registry.npmjs.org/path-to-regexp cache-miss
24 silly fetch manifest unenv@2.0.0-rc.24
25 silly packumentCache full:https://registry.npmjs.org/unenv cache-miss
26 silly fetch manifest workerd@1.20260515.1
27 silly packumentCache full:https://registry.npmjs.org/workerd cache-miss
28 silly fetch manifest @cloudflare/kv-asset-handler@0.5.0
29 silly packumentCache full:https://registry.npmjs.org/@cloudflare%2fkv-asset-handler cache-miss
30 http fetch GET 200 https://registry.npmjs.org/blake3-wasm 82ms (cache revalidated)
31 silly packumentCache full:https://registry.npmjs.org/blake3-wasm set size:6797 disposed:false
32 silly fetch manifest @cloudflare/unenv-preset@2.16.1
33 silly packumentCache full:https://registry.npmjs.org/@cloudflare%2funenv-preset cache-miss
34 http fetch GET 200 https://registry.npmjs.org/unenv 206ms (cache revalidated)
35 silly packumentCache full:https://registry.npmjs.org/unenv set size:236480 disposed:false
36 silly fetch manifest miniflare@4.20260515.0
37 silly packumentCache full:https://registry.npmjs.org/miniflare cache-miss
38 http fetch GET 200 https://registry.npmjs.org/esbuild 219ms (cache revalidated)
39 silly packumentCache full:https://registry.npmjs.org/esbuild set size:1254708 disposed:false
40 silly fetch manifest fsevents@~2.3.2
41 silly packumentCache full:https://registry.npmjs.org/fsevents cache-miss
42 http fetch GET 200 https://registry.npmjs.org/path-to-regexp 242ms (cache revalidated)
43 silly packumentCache full:https://registry.npmjs.org/path-to-regexp set size:216334 disposed:false
44 http fetch GET 200 https://registry.npmjs.org/fsevents 70ms (cache revalidated)
45 silly packumentCache full:https://registry.npmjs.org/fsevents set size:182472 disposed:false
46 http fetch GET 200 https://registry.npmjs.org/workerd 417ms (cache revalidated)
47 silly packumentCache full:https://registry.npmjs.org/workerd set size:795481 disposed:false
48 http fetch GET 200 https://registry.npmjs.org/miniflare 256ms (cache updated)
49 silly packumentCache full:https://registry.npmjs.org/miniflare set size:undefined disposed:false
50 http fetch GET 200 https://registry.npmjs.org/@cloudflare%2fkv-asset-handler 564ms (cache revalidated)
51 silly packumentCache full:https://registry.npmjs.org/@cloudflare%2fkv-asset-handler set size:83933 disposed:false
52 http fetch GET 200 https://registry.npmjs.org/@cloudflare%2funenv-preset 757ms (cache revalidated)
53 silly packumentCache full:https://registry.npmjs.org/@cloudflare%2funenv-preset set size:3362208 disposed:false
54 silly placeDep node_modules/wrangler @cloudflare/kv-asset-handler@0.5.0 OK for: wrangler@4.92.0 want: 0.5.0
55 silly placeDep node_modules/wrangler @cloudflare/unenv-preset@2.16.1 OK for: wrangler@4.92.0 want: 2.16.1
56 silly placeDep node_modules/wrangler unenv@2.0.0-rc.24 OK for: @cloudflare/unenv-preset@2.16.1 want: 2.0.0-rc.24
57 silly placeDep node_modules/wrangler blake3-wasm@2.1.5 OK for: wrangler@4.92.0 want: 2.1.5
58 silly placeDep node_modules/wrangler esbuild@0.27.3 OK for: wrangler@4.92.0 want: 0.27.3
59 silly placeDep node_modules/wrangler fsevents@2.3.3 OK for: wrangler@4.92.0 want: ~2.3.2
60 silly placeDep node_modules/wrangler miniflare@4.20260515.0 OK for: wrangler@4.92.0 want: 4.20260515.0
61 silly placeDep node_modules/wrangler path-to-regexp@6.3.0 OK for: wrangler@4.92.0 want: 6.3.0
62 silly placeDep node_modules/wrangler workerd@1.20260515.1 OK for: wrangler@4.92.0 want: 1.20260515.1
63 silly fetch manifest pathe@^2.0.3
64 silly packumentCache full:https://registry.npmjs.org/pathe cache-miss
65 silly fetch manifest @esbuild/aix-ppc64@0.27.3
66 silly packumentCache full:https://registry.npmjs.org/@esbuild%2faix-ppc64 cache-miss
67 silly fetch manifest @esbuild/linux-arm@0.27.3
68 silly packumentCache full:https://registry.npmjs.org/@esbuild%2flinux-arm cache-miss
69 silly fetch manifest @esbuild/linux-x64@0.27.3
70 silly packumentCache full:https://registry.npmjs.org/@esbuild%2flinux-x64 cache-miss
71 silly fetch manifest @esbuild/sunos-x64@0.27.3
72 silly packumentCache full:https://registry.npmjs.org/@esbuild%2fsunos-x64 cache-miss
73 silly fetch manifest @esbuild/win32-x64@0.27.3
74 silly packumentCache full:https://registry.npmjs.org/@esbuild%2fwin32-x64 cache-miss
75 http fetch GET 200 https://registry.npmjs.org/pathe 69ms (cache revalidated)
76 silly packumentCache full:https://registry.npmjs.org/pathe set size:68788 disposed:false
77 silly fetch manifest @esbuild/darwin-x64@0.27.3
78 silly packumentCache full:https://registry.npmjs.org/@esbuild%2fdarwin-x64 cache-miss
79 http fetch GET 200 https://registry.npmjs.org/@esbuild%2flinux-arm 96ms (cache revalidated)
80 silly packumentCache full:https://registry.npmjs.org/@esbuild%2flinux-arm set size:195140 disposed:false
81 silly fetch manifest @esbuild/linux-ia32@0.27.3
82 silly packumentCache full:https://registry.npmjs.org/@esbuild%2flinux-ia32 cache-miss
83 http fetch GET 200 https://registry.npmjs.org/@esbuild%2faix-ppc64 109ms (cache revalidated)
84 silly packumentCache full:https://registry.npmjs.org/@esbuild%2faix-ppc64 set size:64314 disposed:false
85 silly fetch manifest @esbuild/netbsd-x64@0.27.3
86 silly packumentCache full:https://registry.npmjs.org/@esbuild%2fnetbsd-x64 cache-miss
87 http fetch GET 200 https://registry.npmjs.org/@esbuild%2fwin32-x64 115ms (cache revalidated)
88 silly packumentCache full:https://registry.npmjs.org/@esbuild%2fwin32-x64 set size:194073 disposed:false
89 silly fetch manifest @esbuild/win32-ia32@0.27.3
90 silly packumentCache full:https://registry.npmjs.org/@esbuild%2fwin32-ia32 cache-miss
91 http fetch GET 200 https://registry.npmjs.org/@esbuild%2fdarwin-x64 66ms (cache revalidated)
92 silly packumentCache full:https://registry.npmjs.org/@esbuild%2fdarwin-x64 set size:196195 disposed:false
93 silly fetch manifest @esbuild/android-arm@0.27.3
94 silly packumentCache full:https://registry.npmjs.org/@esbuild%2fandroid-arm cache-miss
95 http fetch GET 200 https://registry.npmjs.org/@esbuild%2fnetbsd-x64 81ms (cache revalidated)
96 silly packumentCache full:https://registry.npmjs.org/@esbuild%2fnetbsd-x64 set size:193883 disposed:false
97 silly fetch manifest @esbuild/android-x64@0.27.3
98 silly packumentCache full:https://registry.npmjs.org/@esbuild%2fandroid-x64 cache-miss
99 http fetch GET 200 https://registry.npmjs.org/@esbuild%2flinux-x64 269ms (cache revalidated)
100 silly packumentCache full:https://registry.npmjs.org/@esbuild%2flinux-x64 set size:195479 disposed:false
101 silly fetch manifest @esbuild/freebsd-x64@0.27.3
102 silly packumentCache full:https://registry.npmjs.org/@esbuild%2ffreebsd-x64 cache-miss
103 http fetch GET 200 https://registry.npmjs.org/@esbuild%2ffreebsd-x64 66ms (cache revalidated)
104 silly packumentCache full:https://registry.npmjs.org/@esbuild%2ffreebsd-x64 set size:197070 disposed:false
105 silly fetch manifest @esbuild/linux-arm64@0.27.3
106 silly packumentCache full:https://registry.npmjs.org/@esbuild%2flinux-arm64 cache-miss
107 http fetch GET 200 https://registry.npmjs.org/@esbuild%2fsunos-x64 409ms (cache revalidated)
108 silly packumentCache full:https://registry.npmjs.org/@esbuild%2fsunos-x64 set size:195721 disposed:false
109 silly fetch manifest @esbuild/linux-ppc64@0.27.3
110 silly packumentCache full:https://registry.npmjs.org/@esbuild%2flinux-ppc64 cache-miss
111 http fetch GET 200 https://registry.npmjs.org/@esbuild%2flinux-arm64 79ms (cache revalidated)
112 silly packumentCache full:https://registry.npmjs.org/@esbuild%2flinux-arm64 set size:197274 disposed:false
113 silly fetch manifest @esbuild/linux-s390x@0.27.3
114 silly packumentCache full:https://registry.npmjs.org/@esbuild%2flinux-s390x cache-miss
115 http fetch GET 200 https://registry.npmjs.org/@esbuild%2flinux-ia32 341ms (cache revalidated)
116 silly packumentCache full:https://registry.npmjs.org/@esbuild%2flinux-ia32 set size:196150 disposed:false
117 silly fetch manifest @esbuild/openbsd-x64@0.27.3
118 silly packumentCache full:https://registry.npmjs.org/@esbuild%2fopenbsd-x64 cache-miss
119 http fetch GET 200 https://registry.npmjs.org/@esbuild%2fandroid-arm 312ms (cache revalidated)
120 silly packumentCache full:https://registry.npmjs.org/@esbuild%2fandroid-arm set size:221749 disposed:false
121 silly fetch manifest @esbuild/win32-arm64@0.27.3
122 silly packumentCache full:https://registry.npmjs.org/@esbuild%2fwin32-arm64 cache-miss
123 http fetch GET 200 https://registry.npmjs.org/@esbuild%2fandroid-x64 264ms (cache revalidated)
124 silly packumentCache full:https://registry.npmjs.org/@esbuild%2fandroid-x64 set size:195551 disposed:false
125 silly fetch manifest @esbuild/darwin-arm64@0.27.3
126 silly packumentCache full:https://registry.npmjs.org/@esbuild%2fdarwin-arm64 cache-miss
127 http fetch GET 200 https://registry.npmjs.org/@esbuild%2fwin32-ia32 394ms (cache revalidated)
128 silly packumentCache full:https://registry.npmjs.org/@esbuild%2fwin32-ia32 set size:196374 disposed:false
129 silly fetch manifest @esbuild/netbsd-arm64@0.27.3
130 silly packumentCache full:https://registry.npmjs.org/@esbuild%2fnetbsd-arm64 cache-miss
131 http fetch GET 200 https://registry.npmjs.org/@esbuild%2fdarwin-arm64 68ms (cache revalidated)
132 silly packumentCache full:https://registry.npmjs.org/@esbuild%2fdarwin-arm64 set size:197958 disposed:false
133 silly fetch manifest @esbuild/android-arm64@0.27.3
134 silly packumentCache full:https://registry.npmjs.org/@esbuild%2fandroid-arm64 cache-miss
135 http fetch GET 200 https://registry.npmjs.org/@esbuild%2flinux-ppc64 366ms (cache revalidated)
136 silly packumentCache full:https://registry.npmjs.org/@esbuild%2flinux-ppc64 set size:199310 disposed:false
137 silly fetch manifest @esbuild/freebsd-arm64@0.27.3
138 silly packumentCache full:https://registry.npmjs.org/@esbuild%2ffreebsd-arm64 cache-miss
139 http fetch GET 200 https://registry.npmjs.org/@esbuild%2flinux-s390x 362ms (cache revalidated)
140 silly packumentCache full:https://registry.npmjs.org/@esbuild%2flinux-s390x set size:198784 disposed:false
141 silly fetch manifest @esbuild/linux-loong64@0.27.3
142 silly packumentCache full:https://registry.npmjs.org/@esbuild%2flinux-loong64 cache-miss
143 http fetch GET 200 https://registry.npmjs.org/@esbuild%2fwin32-arm64 416ms (cache revalidated)
144 silly packumentCache full:https://registry.npmjs.org/@esbuild%2fwin32-arm64 set size:197504 disposed:false
145 silly fetch manifest @esbuild/linux-riscv64@0.27.3
146 silly packumentCache full:https://registry.npmjs.org/@esbuild%2flinux-riscv64 cache-miss
147 http fetch GET 200 https://registry.npmjs.org/@esbuild%2fandroid-arm64 353ms (cache revalidated)
148 silly packumentCache full:https://registry.npmjs.org/@esbuild%2fandroid-arm64 set size:200684 disposed:false
149 silly fetch manifest @esbuild/openbsd-arm64@0.27.3
150 silly packumentCache full:https://registry.npmjs.org/@esbuild%2fopenbsd-arm64 cache-miss
151 http fetch GET 200 https://registry.npmjs.org/@esbuild%2fopenbsd-x64 498ms (cache revalidated)
152 silly packumentCache full:https://registry.npmjs.org/@esbuild%2fopenbsd-x64 set size:197080 disposed:false
153 silly fetch manifest @esbuild/linux-mips64el@0.27.3
154 silly packumentCache full:https://registry.npmjs.org/@esbuild%2flinux-mips64el cache-miss
155 http fetch GET 200 https://registry.npmjs.org/@esbuild%2fnetbsd-arm64 436ms (cache revalidated)
156 silly packumentCache full:https://registry.npmjs.org/@esbuild%2fnetbsd-arm64 set size:40794 disposed:false
157 silly fetch manifest @esbuild/openharmony-arm64@0.27.3
158 silly packumentCache full:https://registry.npmjs.org/@esbuild%2fopenharmony-arm64 cache-miss
159 http fetch GET 200 https://registry.npmjs.org/@esbuild%2flinux-mips64el 85ms (cache revalidated)
160 silly packumentCache full:https://registry.npmjs.org/@esbuild%2flinux-mips64el set size:201062 disposed:false
161 silly fetch manifest @cspotcode/source-map-support@0.8.1
162 silly packumentCache full:https://registry.npmjs.org/@cspotcode%2fsource-map-support cache-miss
163 http fetch GET 200 https://registry.npmjs.org/@esbuild%2flinux-loong64 250ms (cache revalidated)
164 silly packumentCache full:https://registry.npmjs.org/@esbuild%2flinux-loong64 set size:252211 disposed:false
165 silly fetch manifest sharp@^0.34.5
166 silly packumentCache full:https://registry.npmjs.org/sharp cache-miss
167 http fetch GET 200 https://registry.npmjs.org/@esbuild%2ffreebsd-arm64 397ms (cache revalidated)
168 silly packumentCache full:https://registry.npmjs.org/@esbuild%2ffreebsd-arm64 set size:198853 disposed:false
169 silly fetch manifest undici@7.24.8
170 silly packumentCache full:https://registry.npmjs.org/undici cache-miss
171 http fetch GET 200 https://registry.npmjs.org/@esbuild%2flinux-riscv64 346ms (cache revalidated)
172 silly packumentCache full:https://registry.npmjs.org/@esbuild%2flinux-riscv64 set size:198981 disposed:false
173 silly fetch manifest ws@8.18.0
174 silly packumentCache full:https://registry.npmjs.org/ws cache-miss
175 http fetch GET 200 https://registry.npmjs.org/undici 71ms (cache revalidated)
176 silly packumentCache full:https://registry.npmjs.org/undici set size:1412963 disposed:false
177 silly fetch manifest youch@4.1.0-beta.10
178 silly packumentCache full:https://registry.npmjs.org/youch cache-miss
179 http fetch GET 200 https://registry.npmjs.org/@cspotcode%2fsource-map-support 252ms (cache revalidated)
180 silly packumentCache full:https://registry.npmjs.org/@cspotcode%2fsource-map-support set size:30214 disposed:false
181 silly fetch manifest @cloudflare/workerd-darwin-arm64@1.20260515.1
182 silly packumentCache full:https://registry.npmjs.org/@cloudflare%2fworkerd-darwin-arm64 cache-miss
183 http fetch GET 200 https://registry.npmjs.org/ws 69ms (cache revalidated)
184 silly packumentCache full:https://registry.npmjs.org/ws set size:418167 disposed:false
185 silly fetch manifest @cloudflare/workerd-darwin-64@1.20260515.1
186 silly packumentCache full:https://registry.npmjs.org/@cloudflare%2fworkerd-darwin-64 cache-miss
187 http fetch GET 200 https://registry.npmjs.org/sharp 257ms (cache revalidated)
188 silly packumentCache full:https://registry.npmjs.org/sharp set size:1072564 disposed:false
189 silly fetch manifest @cloudflare/workerd-linux-arm64@1.20260515.1
190 silly packumentCache full:https://registry.npmjs.org/@cloudflare%2fworkerd-linux-arm64 cache-miss
191 http fetch GET 200 https://registry.npmjs.org/@esbuild%2fopenharmony-arm64 388ms (cache revalidated)
192 silly packumentCache full:https://registry.npmjs.org/@esbuild%2fopenharmony-arm64 set size:29494 disposed:false
193 silly fetch manifest @cloudflare/workerd-linux-64@1.20260515.1
194 silly packumentCache full:https://registry.npmjs.org/@cloudflare%2fworkerd-linux-64 cache-miss
195 http fetch GET 200 https://registry.npmjs.org/@esbuild%2fopenbsd-arm64 505ms (cache revalidated)
196 silly packumentCache full:https://registry.npmjs.org/@esbuild%2fopenbsd-arm64 set size:46111 disposed:false
197 silly fetch manifest @cloudflare/workerd-windows-64@1.20260515.1
198 silly packumentCache full:https://registry.npmjs.org/@cloudflare%2fworkerd-windows-64 cache-miss
199 http fetch GET 200 https://registry.npmjs.org/youch 231ms (cache revalidated)
200 silly packumentCache full:https://registry.npmjs.org/youch set size:154842 disposed:false
201 http fetch GET 200 https://registry.npmjs.org/@cloudflare%2fworkerd-darwin-64 376ms (cache revalidated)
202 silly packumentCache full:https://registry.npmjs.org/@cloudflare%2fworkerd-darwin-64 set size:1611991 disposed:false
203 http fetch GET 200 https://registry.npmjs.org/@cloudflare%2fworkerd-linux-arm64 388ms (cache revalidated)
204 silly packumentCache full:https://registry.npmjs.org/@cloudflare%2fworkerd-linux-arm64 set size:1602354 disposed:false
205 http fetch GET 200 https://registry.npmjs.org/@cloudflare%2fworkerd-darwin-arm64 466ms (cache revalidated)
206 silly packumentCache full:https://registry.npmjs.org/@cloudflare%2fworkerd-darwin-arm64 set size:1611506 disposed:false
207 http fetch GET 200 https://registry.npmjs.org/@cloudflare%2fworkerd-windows-64 381ms (cache revalidated)
208 silly packumentCache full:https://registry.npmjs.org/@cloudflare%2fworkerd-windows-64 set size:1519536 disposed:false
209 http fetch GET 200 https://registry.npmjs.org/@cloudflare%2fworkerd-linux-64 466ms (cache revalidated)
210 silly packumentCache full:https://registry.npmjs.org/@cloudflare%2fworkerd-linux-64 set size:1610217 disposed:false
211 silly placeDep node_modules/wrangler @esbuild/aix-ppc64@0.27.3 OK for: esbuild@0.27.3 want: 0.27.3
212 silly placeDep node_modules/wrangler @esbuild/android-arm@0.27.3 OK for: esbuild@0.27.3 want: 0.27.3
213 silly placeDep node_modules/wrangler @esbuild/android-arm64@0.27.3 OK for: esbuild@0.27.3 want: 0.27.3
214 silly placeDep node_modules/wrangler @esbuild/android-x64@0.27.3 OK for: esbuild@0.27.3 want: 0.27.3
215 silly placeDep node_modules/wrangler @esbuild/darwin-arm64@0.27.3 OK for: esbuild@0.27.3 want: 0.27.3
216 silly placeDep node_modules/wrangler @esbuild/darwin-x64@0.27.3 OK for: esbuild@0.27.3 want: 0.27.3
217 silly placeDep node_modules/wrangler @esbuild/freebsd-arm64@0.27.3 OK for: esbuild@0.27.3 want: 0.27.3
218 silly placeDep node_modules/wrangler @esbuild/freebsd-x64@0.27.3 OK for: esbuild@0.27.3 want: 0.27.3
219 silly placeDep node_modules/wrangler @esbuild/linux-arm@0.27.3 OK for: esbuild@0.27.3 want: 0.27.3
220 silly placeDep node_modules/wrangler @esbuild/linux-arm64@0.27.3 OK for: esbuild@0.27.3 want: 0.27.3
221 silly placeDep node_modules/wrangler @esbuild/linux-ia32@0.27.3 OK for: esbuild@0.27.3 want: 0.27.3
222 silly placeDep node_modules/wrangler @esbuild/linux-loong64@0.27.3 OK for: esbuild@0.27.3 want: 0.27.3
223 silly placeDep node_modules/wrangler @esbuild/linux-mips64el@0.27.3 OK for: esbuild@0.27.3 want: 0.27.3
224 silly placeDep node_modules/wrangler @esbuild/linux-ppc64@0.27.3 OK for: esbuild@0.27.3 want: 0.27.3
225 silly placeDep node_modules/wrangler @esbuild/linux-riscv64@0.27.3 OK for: esbuild@0.27.3 want: 0.27.3
226 silly placeDep node_modules/wrangler @esbuild/linux-s390x@0.27.3 OK for: esbuild@0.27.3 want: 0.27.3
227 silly placeDep node_modules/wrangler @esbuild/linux-x64@0.27.3 OK for: esbuild@0.27.3 want: 0.27.3
228 silly placeDep node_modules/wrangler @esbuild/netbsd-arm64@0.27.3 OK for: esbuild@0.27.3 want: 0.27.3
229 silly placeDep node_modules/wrangler @esbuild/netbsd-x64@0.27.3 OK for: esbuild@0.27.3 want: 0.27.3
230 silly placeDep node_modules/wrangler @esbuild/openbsd-arm64@0.27.3 OK for: esbuild@0.27.3 want: 0.27.3
231 silly placeDep node_modules/wrangler @esbuild/openbsd-x64@0.27.3 OK for: esbuild@0.27.3 want: 0.27.3
232 silly placeDep node_modules/wrangler @esbuild/openharmony-arm64@0.27.3 OK for: esbuild@0.27.3 want: 0.27.3
233 silly placeDep node_modules/wrangler @esbuild/sunos-x64@0.27.3 OK for: esbuild@0.27.3 want: 0.27.3
234 silly placeDep node_modules/wrangler @esbuild/win32-arm64@0.27.3 OK for: esbuild@0.27.3 want: 0.27.3
235 silly placeDep node_modules/wrangler @esbuild/win32-ia32@0.27.3 OK for: esbuild@0.27.3 want: 0.27.3
236 silly placeDep node_modules/wrangler @esbuild/win32-x64@0.27.3 OK for: esbuild@0.27.3 want: 0.27.3
237 silly fetch manifest bufferutil@^4.0.1
238 silly packumentCache full:https://registry.npmjs.org/bufferutil cache-miss
239 http fetch GET 200 https://registry.npmjs.org/bufferutil 239ms (cache revalidated)
240 silly packumentCache full:https://registry.npmjs.org/bufferutil set size:52763 disposed:false
241 silly fetch manifest utf-8-validate@>=5.0.2
242 silly packumentCache full:https://registry.npmjs.org/utf-8-validate cache-miss
243 http fetch GET 200 https://registry.npmjs.org/utf-8-validate 63ms (cache revalidated)
244 silly packumentCache full:https://registry.npmjs.org/utf-8-validate set size:77148 disposed:false
245 silly placeDep node_modules/wrangler @cspotcode/source-map-support@0.8.1 OK for: miniflare@4.20260515.0 want: 0.8.1
246 silly placeDep node_modules/wrangler sharp@0.34.5 OK for: miniflare@4.20260515.0 want: ^0.34.5
247 silly placeDep node_modules/wrangler undici@7.24.8 OK for: miniflare@4.20260515.0 want: 7.24.8
248 silly placeDep node_modules/wrangler ws@8.18.0 OK for: miniflare@4.20260515.0 want: 8.18.0
249 silly placeDep node_modules/wrangler youch@4.1.0-beta.10 OK for: miniflare@4.20260515.0 want: 4.1.0-beta.10
250 silly fetch manifest @jridgewell/trace-mapping@0.3.9
251 silly packumentCache full:https://registry.npmjs.org/@jridgewell%2ftrace-mapping cache-miss
252 silly fetch manifest semver@^7.7.3
253 silly packumentCache full:https://registry.npmjs.org/semver cache-miss
254 silly fetch manifest @img/colour@^1.0.0
255 silly packumentCache full:https://registry.npmjs.org/@img%2fcolour cache-miss
256 silly fetch manifest detect-libc@^2.1.2
257 silly packumentCache full:https://registry.npmjs.org/detect-libc cache-miss
258 silly fetch manifest @img/sharp-wasm32@0.34.5
259 silly packumentCache full:https://registry.npmjs.org/@img%2fsharp-wasm32 cache-miss
260 silly fetch manifest @img/sharp-linux-arm@0.34.5
261 silly packumentCache full:https://registry.npmjs.org/@img%2fsharp-linux-arm cache-miss
262 http fetch GET 200 https://registry.npmjs.org/detect-libc 67ms (cache revalidated)
263 silly packumentCache full:https://registry.npmjs.org/detect-libc set size:47861 disposed:false
264 silly fetch manifest @img/sharp-linux-x64@0.34.5
265 silly packumentCache full:https://registry.npmjs.org/@img%2fsharp-linux-x64 cache-miss
266 http fetch GET 200 https://registry.npmjs.org/@jridgewell%2ftrace-mapping 99ms (cache revalidated)
267 silly packumentCache full:https://registry.npmjs.org/@jridgewell%2ftrace-mapping set size:170909 disposed:false
268 silly fetch manifest @img/sharp-win32-x64@0.34.5
269 silly packumentCache full:https://registry.npmjs.org/@img%2fsharp-win32-x64 cache-miss
270 http fetch GET 200 https://registry.npmjs.org/semver 111ms (cache revalidated)
271 silly packumentCache full:https://registry.npmjs.org/semver set size:233058 disposed:false
272 silly fetch manifest @img/sharp-darwin-x64@0.34.5
273 silly packumentCache full:https://registry.npmjs.org/@img%2fsharp-darwin-x64 cache-miss
274 http fetch GET 200 https://registry.npmjs.org/@img%2fcolour 118ms (cache revalidated)
275 silly packumentCache full:https://registry.npmjs.org/@img%2fcolour set size:9701 disposed:false
276 silly fetch manifest @img/sharp-win32-ia32@0.34.5
277 silly packumentCache full:https://registry.npmjs.org/@img%2fsharp-win32-ia32 cache-miss
278 http fetch GET 200 https://registry.npmjs.org/@img%2fsharp-win32-x64 249ms (cache revalidated)
279 silly packumentCache full:https://registry.npmjs.org/@img%2fsharp-win32-x64 set size:72477 disposed:false
280 silly fetch manifest @img/sharp-linux-arm64@0.34.5
281 silly packumentCache full:https://registry.npmjs.org/@img%2fsharp-linux-arm64 cache-miss
282 http fetch GET 200 https://registry.npmjs.org/@img%2fsharp-wasm32 433ms (cache revalidated)
283 silly packumentCache full:https://registry.npmjs.org/@img%2fsharp-wasm32 set size:69437 disposed:false
284 silly fetch manifest @img/sharp-linux-ppc64@0.34.5
285 silly packumentCache full:https://registry.npmjs.org/@img%2fsharp-linux-ppc64 cache-miss
286 http fetch GET 200 https://registry.npmjs.org/@img%2fsharp-linux-x64 434ms (cache revalidated)
287 silly packumentCache full:https://registry.npmjs.org/@img%2fsharp-linux-x64 set size:74659 disposed:false
288 silly fetch manifest @img/sharp-linux-s390x@0.34.5
289 silly packumentCache full:https://registry.npmjs.org/@img%2fsharp-linux-s390x cache-miss
290 http fetch GET 200 https://registry.npmjs.org/@img%2fsharp-darwin-x64 415ms (cache revalidated)
291 silly packumentCache full:https://registry.npmjs.org/@img%2fsharp-darwin-x64 set size:75437 disposed:false
292 silly fetch manifest @img/sharp-win32-arm64@0.34.5
293 silly packumentCache full:https://registry.npmjs.org/@img%2fsharp-win32-arm64 cache-miss
294 http fetch GET 200 https://registry.npmjs.org/@img%2fsharp-linux-arm 567ms (cache revalidated)
295 silly packumentCache full:https://registry.npmjs.org/@img%2fsharp-linux-arm set size:75025 disposed:false
296 silly fetch manifest @img/sharp-darwin-arm64@0.34.5
297 silly packumentCache full:https://registry.npmjs.org/@img%2fsharp-darwin-arm64 cache-miss
298 http fetch GET 200 https://registry.npmjs.org/@img%2fsharp-linux-arm64 230ms (cache revalidated)
299 silly packumentCache full:https://registry.npmjs.org/@img%2fsharp-linux-arm64 set size:75657 disposed:false
300 silly fetch manifest @img/sharp-linux-riscv64@0.34.5
301 silly packumentCache full:https://registry.npmjs.org/@img%2fsharp-linux-riscv64 cache-miss
302 http fetch GET 200 https://registry.npmjs.org/@img%2fsharp-win32-ia32 712ms (cache revalidated)
303 silly packumentCache full:https://registry.npmjs.org/@img%2fsharp-win32-ia32 set size:73172 disposed:false
304 silly fetch manifest @img/sharp-linuxmusl-x64@0.34.5
305 silly packumentCache full:https://registry.npmjs.org/@img%2fsharp-linuxmusl-x64 cache-miss
306 http fetch GET 200 https://registry.npmjs.org/@img%2fsharp-linux-riscv64 401ms (cache revalidated)
307 silly packumentCache full:https://registry.npmjs.org/@img%2fsharp-linux-riscv64 set size:17504 disposed:false
308 silly fetch manifest @img/sharp-linuxmusl-arm64@0.34.5
309 silly packumentCache full:https://registry.npmjs.org/@img%2fsharp-linuxmusl-arm64 cache-miss
310 http fetch GET 200 https://registry.npmjs.org/@img%2fsharp-linux-s390x 489ms (cache revalidated)
311 silly packumentCache full:https://registry.npmjs.org/@img%2fsharp-linux-s390x set size:73603 disposed:false
312 silly fetch manifest @img/sharp-libvips-linux-arm@1.2.4
313 silly packumentCache full:https://registry.npmjs.org/@img%2fsharp-libvips-linux-arm cache-miss
314 http fetch GET 200 https://registry.npmjs.org/@img%2fsharp-darwin-arm64 545ms (cache revalidated)
315 silly packumentCache full:https://registry.npmjs.org/@img%2fsharp-darwin-arm64 set size:76460 disposed:false
316 silly fetch manifest @img/sharp-libvips-linux-x64@1.2.4
317 silly packumentCache full:https://registry.npmjs.org/@img%2fsharp-libvips-linux-x64 cache-miss
318 http fetch GET 200 https://registry.npmjs.org/@img%2fsharp-linux-ppc64 687ms (cache revalidated)
319 silly packumentCache full:https://registry.npmjs.org/@img%2fsharp-linux-ppc64 set size:40341 disposed:false
320 silly fetch manifest @img/sharp-libvips-darwin-x64@1.2.4
321 silly packumentCache full:https://registry.npmjs.org/@img%2fsharp-libvips-darwin-x64 cache-miss
322 http fetch GET 200 https://registry.npmjs.org/@img%2fsharp-linuxmusl-x64 353ms (cache revalidated)
323 silly packumentCache full:https://registry.npmjs.org/@img%2fsharp-linuxmusl-x64 set size:75867 disposed:false
324 silly fetch manifest @img/sharp-libvips-linux-arm64@1.2.4
325 silly packumentCache full:https://registry.npmjs.org/@img%2fsharp-libvips-linux-arm64 cache-miss
326 http fetch GET 200 https://registry.npmjs.org/@img%2fsharp-win32-arm64 699ms (cache revalidated)
327 silly packumentCache full:https://registry.npmjs.org/@img%2fsharp-win32-arm64 set size:32122 disposed:false
328 silly fetch manifest @img/sharp-libvips-linux-ppc64@1.2.4
329 silly packumentCache full:https://registry.npmjs.org/@img%2fsharp-libvips-linux-ppc64 cache-miss
330 http fetch GET 200 https://registry.npmjs.org/@img%2fsharp-libvips-linux-arm 349ms (cache revalidated)
331 silly packumentCache full:https://registry.npmjs.org/@img%2fsharp-libvips-linux-arm set size:67087 disposed:false
332 silly fetch manifest @img/sharp-libvips-linux-s390x@1.2.4
333 silly packumentCache full:https://registry.npmjs.org/@img%2fsharp-libvips-linux-s390x cache-miss
334 http fetch GET 200 https://registry.npmjs.org/@img%2fsharp-libvips-linux-arm64 253ms (cache revalidated)
335 silly packumentCache full:https://registry.npmjs.org/@img%2fsharp-libvips-linux-arm64 set size:64016 disposed:false
336 silly fetch manifest @img/sharp-libvips-darwin-arm64@1.2.4
337 silly packumentCache full:https://registry.npmjs.org/@img%2fsharp-libvips-darwin-arm64 cache-miss
338 http fetch GET 200 https://registry.npmjs.org/@img%2fsharp-linuxmusl-arm64 514ms (cache revalidated)
339 silly packumentCache full:https://registry.npmjs.org/@img%2fsharp-linuxmusl-arm64 set size:76866 disposed:false
340 silly fetch manifest @img/sharp-libvips-linux-riscv64@1.2.4
341 silly packumentCache full:https://registry.npmjs.org/@img%2fsharp-libvips-linux-riscv64 cache-miss
342 http fetch GET 200 https://registry.npmjs.org/@img%2fsharp-libvips-darwin-x64 485ms (cache revalidated)
343 silly packumentCache full:https://registry.npmjs.org/@img%2fsharp-libvips-darwin-x64 set size:60181 disposed:false
344 silly fetch manifest @img/sharp-libvips-linuxmusl-x64@1.2.4
345 silly packumentCache full:https://registry.npmjs.org/@img%2fsharp-libvips-linuxmusl-x64 cache-miss
346 http fetch GET 200 https://registry.npmjs.org/@img%2fsharp-libvips-linux-ppc64 390ms (cache revalidated)
347 silly packumentCache full:https://registry.npmjs.org/@img%2fsharp-libvips-linux-ppc64 set size:51223 disposed:false
348 silly fetch manifest @img/sharp-libvips-linuxmusl-arm64@1.2.4
349 silly packumentCache full:https://registry.npmjs.org/@img%2fsharp-libvips-linuxmusl-arm64 cache-miss
350 http fetch GET 200 https://registry.npmjs.org/@img%2fsharp-libvips-linux-x64 572ms (cache revalidated)
351 silly packumentCache full:https://registry.npmjs.org/@img%2fsharp-libvips-linux-x64 set size:65113 disposed:false
352 silly fetch manifest cookie@^1.0.2
353 silly packumentCache full:https://registry.npmjs.org/cookie cache-miss
354 http fetch GET 200 https://registry.npmjs.org/@img%2fsharp-libvips-linux-s390x 349ms (cache revalidated)
355 silly packumentCache full:https://registry.npmjs.org/@img%2fsharp-libvips-linux-s390x set size:60203 disposed:false
356 silly fetch manifest youch-core@^0.3.3
357 silly packumentCache full:https://registry.npmjs.org/youch-core cache-miss
358 http fetch GET 200 https://registry.npmjs.org/cookie 58ms (cache revalidated)
359 silly packumentCache full:https://registry.npmjs.org/cookie set size:72891 disposed:false
360 silly fetch manifest @poppinss/colors@^4.1.5
361 silly packumentCache full:https://registry.npmjs.org/@poppinss%2fcolors cache-miss
362 http fetch GET 200 https://registry.npmjs.org/youch-core 56ms (cache revalidated)
363 silly packumentCache full:https://registry.npmjs.org/youch-core set size:45040 disposed:false
364 silly fetch manifest @poppinss/dumper@^0.6.4
365 silly packumentCache full:https://registry.npmjs.org/@poppinss%2fdumper cache-miss
366 http fetch GET 200 https://registry.npmjs.org/@img%2fsharp-libvips-linux-riscv64 322ms (cache revalidated)
367 silly packumentCache full:https://registry.npmjs.org/@img%2fsharp-libvips-linux-riscv64 set size:37238 disposed:false
368 silly fetch manifest @speed-highlight/core@^1.2.7
369 silly packumentCache full:https://registry.npmjs.org/@speed-highlight%2fcore cache-miss
370 http fetch GET 200 https://registry.npmjs.org/@img%2fsharp-libvips-darwin-arm64 509ms (cache revalidated)
371 silly packumentCache full:https://registry.npmjs.org/@img%2fsharp-libvips-darwin-arm64 set size:60863 disposed:false
372 http fetch GET 200 https://registry.npmjs.org/@img%2fsharp-libvips-linuxmusl-x64 428ms (cache revalidated)
373 silly packumentCache full:https://registry.npmjs.org/@img%2fsharp-libvips-linuxmusl-x64 set size:62225 disposed:false
374 http fetch GET 200 https://registry.npmjs.org/@img%2fsharp-libvips-linuxmusl-arm64 432ms (cache revalidated)
375 silly packumentCache full:https://registry.npmjs.org/@img%2fsharp-libvips-linuxmusl-arm64 set size:62945 disposed:false
376 http fetch GET 200 https://registry.npmjs.org/@speed-highlight%2fcore 374ms (cache revalidated)
377 silly packumentCache full:https://registry.npmjs.org/@speed-highlight%2fcore set size:75220 disposed:false
378 http fetch GET 200 https://registry.npmjs.org/@poppinss%2fdumper 515ms (cache revalidated)
379 silly packumentCache full:https://registry.npmjs.org/@poppinss%2fdumper set size:90076 disposed:false
380 http fetch GET 200 https://registry.npmjs.org/@poppinss%2fcolors 582ms (cache revalidated)
381 silly packumentCache full:https://registry.npmjs.org/@poppinss%2fcolors set size:139208 disposed:false
382 silly placeDep node_modules/wrangler @jridgewell/trace-mapping@0.3.9 OK for: @cspotcode/source-map-support@0.8.1 want: 0.3.9
383 silly fetch manifest @jridgewell/resolve-uri@^3.0.3
384 silly packumentCache full:https://registry.npmjs.org/@jridgewell%2fresolve-uri cache-miss
385 silly fetch manifest @jridgewell/sourcemap-codec@^1.4.10
386 silly packumentCache full:https://registry.npmjs.org/@jridgewell%2fsourcemap-codec cache-miss
387 http fetch GET 200 https://registry.npmjs.org/@jridgewell%2fresolve-uri 258ms (cache revalidated)
388 silly packumentCache full:https://registry.npmjs.org/@jridgewell%2fresolve-uri set size:57361 disposed:false
389 http fetch GET 200 https://registry.npmjs.org/@jridgewell%2fsourcemap-codec 417ms (cache revalidated)
390 silly packumentCache full:https://registry.npmjs.org/@jridgewell%2fsourcemap-codec set size:59275 disposed:false
391 silly placeDep node_modules/wrangler @jridgewell/resolve-uri@3.1.2 OK for: @jridgewell/trace-mapping@0.3.9 want: ^3.0.3
392 silly placeDep node_modules/wrangler @jridgewell/sourcemap-codec@1.5.5 OK for: @jridgewell/trace-mapping@0.3.9 want: ^1.4.10
393 silly placeDep node_modules/wrangler @img/colour@1.1.0 OK for: sharp@0.34.5 want: ^1.0.0
394 silly placeDep node_modules/wrangler @img/sharp-darwin-arm64@0.34.5 OK for: sharp@0.34.5 want: 0.34.5
395 silly placeDep node_modules/wrangler @img/sharp-darwin-x64@0.34.5 OK for: sharp@0.34.5 want: 0.34.5
396 silly placeDep node_modules/wrangler @img/sharp-libvips-darwin-arm64@1.2.4 OK for: sharp@0.34.5 want: 1.2.4
397 silly placeDep node_modules/wrangler @img/sharp-libvips-darwin-x64@1.2.4 OK for: sharp@0.34.5 want: 1.2.4
398 silly placeDep node_modules/wrangler @img/sharp-libvips-linux-arm@1.2.4 OK for: sharp@0.34.5 want: 1.2.4
399 silly placeDep node_modules/wrangler @img/sharp-libvips-linux-arm64@1.2.4 OK for: sharp@0.34.5 want: 1.2.4
400 silly placeDep node_modules/wrangler @img/sharp-libvips-linux-ppc64@1.2.4 OK for: sharp@0.34.5 want: 1.2.4
401 silly placeDep node_modules/wrangler @img/sharp-libvips-linux-riscv64@1.2.4 OK for: sharp@0.34.5 want: 1.2.4
402 silly placeDep node_modules/wrangler @img/sharp-libvips-linux-s390x@1.2.4 OK for: sharp@0.34.5 want: 1.2.4
403 silly placeDep node_modules/wrangler @img/sharp-libvips-linux-x64@1.2.4 OK for: sharp@0.34.5 want: 1.2.4
404 silly placeDep node_modules/wrangler @img/sharp-libvips-linuxmusl-arm64@1.2.4 OK for: sharp@0.34.5 want: 1.2.4
405 silly placeDep node_modules/wrangler @img/sharp-libvips-linuxmusl-x64@1.2.4 OK for: sharp@0.34.5 want: 1.2.4
406 silly placeDep node_modules/wrangler @img/sharp-linux-arm@0.34.5 OK for: sharp@0.34.5 want: 0.34.5
407 silly placeDep node_modules/wrangler @img/sharp-linux-arm64@0.34.5 OK for: sharp@0.34.5 want: 0.34.5
408 silly placeDep node_modules/wrangler @img/sharp-linux-ppc64@0.34.5 OK for: sharp@0.34.5 want: 0.34.5
409 silly placeDep node_modules/wrangler @img/sharp-linux-riscv64@0.34.5 OK for: sharp@0.34.5 want: 0.34.5
410 silly placeDep node_modules/wrangler @img/sharp-linux-s390x@0.34.5 OK for: sharp@0.34.5 want: 0.34.5
411 silly placeDep node_modules/wrangler @img/sharp-linux-x64@0.34.5 OK for: sharp@0.34.5 want: 0.34.5
412 silly placeDep node_modules/wrangler @img/sharp-linuxmusl-arm64@0.34.5 OK for: sharp@0.34.5 want: 0.34.5
413 silly placeDep node_modules/wrangler @img/sharp-linuxmusl-x64@0.34.5 OK for: sharp@0.34.5 want: 0.34.5
414 silly placeDep node_modules/wrangler @img/sharp-wasm32@0.34.5 OK for: sharp@0.34.5 want: 0.34.5
415 silly placeDep node_modules/wrangler @img/sharp-win32-arm64@0.34.5 OK for: sharp@0.34.5 want: 0.34.5
416 silly placeDep node_modules/wrangler @img/sharp-win32-ia32@0.34.5 OK for: sharp@0.34.5 want: 0.34.5
417 silly placeDep node_modules/wrangler @img/sharp-win32-x64@0.34.5 OK for: sharp@0.34.5 want: 0.34.5
418 silly placeDep node_modules/wrangler detect-libc@2.1.2 OK for: sharp@0.34.5 want: ^2.1.2
419 silly placeDep node_modules/wrangler semver@7.8.0 OK for: sharp@0.34.5 want: ^7.7.3
420 silly fetch manifest @emnapi/runtime@^1.7.0
421 silly packumentCache full:https://registry.npmjs.org/@emnapi%2fruntime cache-miss
422 http fetch GET 200 https://registry.npmjs.org/@emnapi%2fruntime 89ms (cache revalidated)
423 silly packumentCache full:https://registry.npmjs.org/@emnapi%2fruntime set size:108129 disposed:false
424 silly placeDep node_modules/wrangler @emnapi/runtime@1.10.0 OK for: @img/sharp-wasm32@0.34.5 want: ^1.7.0
425 silly fetch manifest tslib@^2.4.0
426 silly packumentCache full:https://registry.npmjs.org/tslib cache-miss
427 http fetch GET 200 https://registry.npmjs.org/tslib 57ms (cache revalidated)
428 silly packumentCache full:https://registry.npmjs.org/tslib set size:108760 disposed:false
429 silly placeDep node_modules/wrangler tslib@2.8.1 OK for: @emnapi/runtime@1.10.0 want: ^2.4.0
430 silly placeDep node_modules/wrangler pathe@2.0.3 OK for: unenv@2.0.0-rc.24 want: ^2.0.3
431 silly placeDep node_modules/wrangler @cloudflare/workerd-darwin-64@1.20260515.1 OK for: workerd@1.20260515.1 want: 1.20260515.1
432 silly placeDep node_modules/wrangler @cloudflare/workerd-darwin-arm64@1.20260515.1 OK for: workerd@1.20260515.1 want: 1.20260515.1
433 silly placeDep node_modules/wrangler @cloudflare/workerd-linux-64@1.20260515.1 OK for: workerd@1.20260515.1 want: 1.20260515.1
434 silly placeDep node_modules/wrangler @cloudflare/workerd-linux-arm64@1.20260515.1 OK for: workerd@1.20260515.1 want: 1.20260515.1
435 silly placeDep node_modules/wrangler @cloudflare/workerd-windows-64@1.20260515.1 OK for: workerd@1.20260515.1 want: 1.20260515.1
436 silly placeDep node_modules/wrangler @poppinss/colors@4.1.6 OK for: youch@4.1.0-beta.10 want: ^4.1.5
437 silly placeDep node_modules/wrangler @poppinss/dumper@0.6.5 OK for: youch@4.1.0-beta.10 want: ^0.6.4
438 silly placeDep node_modules/wrangler @speed-highlight/core@1.2.15 OK for: youch@4.1.0-beta.10 want: ^1.2.7
439 silly placeDep node_modules/wrangler cookie@1.1.1 OK for: youch@4.1.0-beta.10 want: ^1.0.2
440 silly placeDep node_modules/wrangler youch-core@0.3.3 OK for: youch@4.1.0-beta.10 want: ^0.3.3
441 silly fetch manifest kleur@^4.1.5
442 silly packumentCache full:https://registry.npmjs.org/kleur cache-miss
443 silly fetch manifest supports-color@^10.0.0
444 silly packumentCache full:https://registry.npmjs.org/supports-color cache-miss
445 silly fetch manifest @sindresorhus/is@^7.0.2
446 silly packumentCache full:https://registry.npmjs.org/@sindresorhus%2fis cache-miss
447 silly fetch manifest @poppinss/exception@^1.2.2
448 silly packumentCache full:https://registry.npmjs.org/@poppinss%2fexception cache-miss
449 silly fetch manifest error-stack-parser-es@^1.0.5
450 silly packumentCache full:https://registry.npmjs.org/error-stack-parser-es cache-miss
451 http fetch GET 200 https://registry.npmjs.org/supports-color 100ms (cache revalidated)
452 silly packumentCache full:https://registry.npmjs.org/supports-color set size:118680 disposed:false
453 http fetch GET 200 https://registry.npmjs.org/kleur 106ms (cache revalidated)
454 silly packumentCache full:https://registry.npmjs.org/kleur set size:61853 disposed:false
455 http fetch GET 200 https://registry.npmjs.org/@sindresorhus%2fis 131ms (cache revalidated)
456 silly packumentCache full:https://registry.npmjs.org/@sindresorhus%2fis set size:202184 disposed:false
457 http fetch GET 200 https://registry.npmjs.org/error-stack-parser-es 286ms (cache revalidated)
458 silly packumentCache full:https://registry.npmjs.org/error-stack-parser-es set size:21097 disposed:false
459 http fetch GET 200 https://registry.npmjs.org/@poppinss%2fexception 616ms (cache revalidated)
460 silly packumentCache full:https://registry.npmjs.org/@poppinss%2fexception set size:19704 disposed:false
461 silly placeDep node_modules/wrangler kleur@4.1.5 OK for: @poppinss/colors@4.1.6 want: ^4.1.5
462 silly placeDep node_modules/wrangler @sindresorhus/is@7.2.0 OK for: @poppinss/dumper@0.6.5 want: ^7.0.2
463 silly placeDep node_modules/wrangler supports-color@10.2.2 OK for: @poppinss/dumper@0.6.5 want: ^10.0.0
464 silly placeDep node_modules/wrangler @poppinss/exception@1.2.3 OK for: youch-core@0.3.3 want: ^1.2.2
465 silly placeDep node_modules/wrangler error-stack-parser-es@1.0.5 OK for: youch-core@0.3.3 want: ^1.0.5
466 silly reify moves {}
467 http cache @poppinss/exception@https://registry.npmjs.org/@poppinss/exception/-/exception-1.2.3.tgz 1ms (cache hit)
468 http cache supports-color@https://registry.npmjs.org/supports-color/-/supports-color-10.2.2.tgz 0ms (cache hit)
469 http cache error-stack-parser-es@https://registry.npmjs.org/error-stack-parser-es/-/error-stack-parser-es-1.0.5.tgz 0ms (cache hit)
470 http cache kleur@https://registry.npmjs.org/kleur/-/kleur-4.1.5.tgz 0ms (cache hit)
471 http cache youch-core@https://registry.npmjs.org/youch-core/-/youch-core-0.3.3.tgz 0ms (cache hit)
472 http cache cookie@https://registry.npmjs.org/cookie/-/cookie-1.1.1.tgz 0ms (cache hit)
473 http cache @speed-highlight/core@https://registry.npmjs.org/@speed-highlight/core/-/core-1.2.15.tgz 0ms (cache hit)
474 http cache @poppinss/dumper@https://registry.npmjs.org/@poppinss/dumper/-/dumper-0.6.5.tgz 0ms (cache hit)
475 http cache @poppinss/colors@https://registry.npmjs.org/@poppinss/colors/-/colors-4.1.6.tgz 0ms (cache hit)
476 http cache pathe@https://registry.npmjs.org/pathe/-/pathe-2.0.3.tgz 0ms (cache hit)
477 http cache semver@https://registry.npmjs.org/semver/-/semver-7.8.0.tgz 0ms (cache hit)
478 http cache detect-libc@https://registry.npmjs.org/detect-libc/-/detect-libc-2.1.2.tgz 0ms (cache hit)
479 http cache @img/colour@https://registry.npmjs.org/@img/colour/-/colour-1.1.0.tgz 0ms (cache hit)
480 http cache @jridgewell/sourcemap-codec@https://registry.npmjs.org/@jridgewell/sourcemap-codec/-/sourcemap-codec-1.5.5.tgz 0ms (cache hit)
481 http cache @jridgewell/resolve-uri@https://registry.npmjs.org/@jridgewell/resolve-uri/-/resolve-uri-3.1.2.tgz 0ms (cache hit)
482 http cache @jridgewell/trace-mapping@https://registry.npmjs.org/@jridgewell/trace-mapping/-/trace-mapping-0.3.9.tgz 0ms (cache hit)
483 http cache youch@https://registry.npmjs.org/youch/-/youch-4.1.0-beta.10.tgz 0ms (cache hit)
484 http cache ws@https://registry.npmjs.org/ws/-/ws-8.18.0.tgz 0ms (cache hit)
485 http cache undici@https://registry.npmjs.org/undici/-/undici-7.24.8.tgz 0ms (cache hit)
486 http cache sharp@https://registry.npmjs.org/sharp/-/sharp-0.34.5.tgz 0ms (cache hit)
487 http cache @cspotcode/source-map-support@https://registry.npmjs.org/@cspotcode/source-map-support/-/source-map-support-0.8.1.tgz 0ms (cache hit)
488 http cache @esbuild/android-arm64@https://registry.npmjs.org/@esbuild/android-arm64/-/android-arm64-0.27.3.tgz 0ms (cache hit)
489 http cache workerd@https://registry.npmjs.org/workerd/-/workerd-1.20260515.1.tgz 0ms (cache hit)
490 http cache path-to-regexp@https://registry.npmjs.org/path-to-regexp/-/path-to-regexp-6.3.0.tgz 0ms (cache hit)
491 http cache miniflare@https://registry.npmjs.org/miniflare/-/miniflare-4.20260515.0.tgz 0ms (cache hit)
492 http cache esbuild@https://registry.npmjs.org/esbuild/-/esbuild-0.27.3.tgz 0ms (cache hit)
493 http cache blake3-wasm@https://registry.npmjs.org/blake3-wasm/-/blake3-wasm-2.1.5.tgz 0ms (cache hit)
494 http cache unenv@https://registry.npmjs.org/unenv/-/unenv-2.0.0-rc.24.tgz 0ms (cache hit)
495 http cache @cloudflare/unenv-preset@https://registry.npmjs.org/@cloudflare/unenv-preset/-/unenv-preset-2.16.1.tgz 0ms (cache hit)
496 http cache wrangler@https://registry.npmjs.org/wrangler/-/wrangler-4.92.0.tgz 0ms (cache hit)
497 http cache @cloudflare/kv-asset-handler@https://registry.npmjs.org/@cloudflare/kv-asset-handler/-/kv-asset-handler-0.5.0.tgz 0ms (cache hit)
498 http cache @sindresorhus/is@https://registry.npmjs.org/@sindresorhus/is/-/is-7.2.0.tgz 0ms (cache hit)
499 silly tarball no local data for workerd@https://registry.npmjs.org/workerd/-/workerd-1.20260515.1.tgz. Extracting by manifest.
500 silly tarball no local data for miniflare@https://registry.npmjs.org/miniflare/-/miniflare-4.20260515.0.tgz. Extracting by manifest.
501 silly tarball no local data for wrangler@https://registry.npmjs.org/wrangler/-/wrangler-4.92.0.tgz. Extracting by manifest.
502 http fetch GET 200 https://registry.npmjs.org/workerd/-/workerd-1.20260515.1.tgz 1031ms (cache miss)
503 http fetch GET 200 https://registry.npmjs.org/miniflare/-/miniflare-4.20260515.0.tgz 1360ms (cache miss)
504 http fetch GET 200 https://registry.npmjs.org/wrangler/-/wrangler-4.92.0.tgz 1587ms (cache miss)
505 info run sharp@0.34.5 install node_modules/wrangler/node_modules/sharp node install/check.js || npm run build
506 info run sharp@0.34.5 install { code: 0, signal: null }
507 info run esbuild@0.27.3 postinstall node_modules/wrangler/node_modules/esbuild node install.js
508 info run workerd@1.20260515.1 postinstall node_modules/wrangler/node_modules/workerd node install.js
509 info run workerd@1.20260515.1 postinstall { code: 1, signal: null }
510 verbose stack Error: command failed
510 verbose stack     at promiseSpawn (/data/data/com.termux/files/usr/lib/node_modules/npm/node_modules/@npmcli/promise-spawn/lib/index.js:22:22)
510 verbose stack     at spawnWithShell (/data/data/com.termux/files/usr/lib/node_modules/npm/node_modules/@npmcli/promise-spawn/lib/index.js:124:10)
510 verbose stack     at promiseSpawn (/data/data/com.termux/files/usr/lib/node_modules/npm/node_modules/@npmcli/promise-spawn/lib/index.js:12:12)
510 verbose stack     at runScriptPkg (/data/data/com.termux/files/usr/lib/node_modules/npm/node_modules/@npmcli/run-script/lib/run-script-pkg.js:79:13)
510 verbose stack     at runScript (/data/data/com.termux/files/usr/lib/node_modules/npm/node_modules/@npmcli/run-script/lib/run-script.js:9:12)
510 verbose stack     at /data/data/com.termux/files/usr/lib/node_modules/npm/node_modules/@npmcli/arborist/lib/arborist/rebuild.js:328:17
510 verbose stack     at run (/data/data/com.termux/files/usr/lib/node_modules/npm/node_modules/promise-call-limit/dist/commonjs/index.js:67:22)
510 verbose stack     at /data/data/com.termux/files/usr/lib/node_modules/npm/node_modules/promise-call-limit/dist/commonjs/index.js:84:9
510 verbose stack     at new Promise (<anonymous>)
510 verbose stack     at callLimit (/data/data/com.termux/files/usr/lib/node_modules/npm/node_modules/promise-call-limit/dist/commonjs/index.js:35:69)
511 verbose pkgid workerd@1.20260515.1
512 error code 1
513 error path /data/data/com.termux/files/usr/lib/node_modules/wrangler/node_modules/workerd
514 error command failed
515 error command sh -c node install.js
516 error /data/data/com.termux/files/usr/lib/node_modules/wrangler/node_modules/workerd/install.js:43
516 error     throw new Error(`Unsupported platform: ${platformKey}`);
516 error           ^
516 error
516 error Error: Unsupported platform: android arm64 LE
516 error     at pkgAndSubpathForCurrentPlatform (/data/data/com.termux/files/usr/lib/node_modules/wrangler/node_modules/workerd/install.js:43:11)
516 error     at checkAndPreparePackage (/data/data/com.termux/files/usr/lib/node_modules/wrangler/node_modules/workerd/install.js:216:28)
516 error     at Object.<anonymous> (/data/data/com.termux/files/usr/lib/node_modules/wrangler/node_modules/workerd/install.js:245:1)
516 error     at Module._compile (node:internal/modules/cjs/loader:1829:14)
516 error     at Module._extensions..js (node:internal/modules/cjs/loader:1969:10)
516 error     at Module.load (node:internal/modules/cjs/loader:1552:32)
516 error     at Module._load (node:internal/modules/cjs/loader:1354:12)
516 error     at wrapModuleLoad (node:internal/modules/cjs/loader:255:19)
516 error     at Module.executeUserEntryPoint [as runMain] (node:internal/modules/run_main:154:5)
516 error     at node:internal/main/run_main_module:33:47
516 error
516 error Node.js v25.8.2
517 silly unfinished npm timer reify 1778848281439
518 silly unfinished npm timer reify:build 1778848291158
519 silly unfinished npm timer build 1778848291159
520 silly unfinished npm timer build:deps 1778848291159
521 silly unfinished npm timer build:run:postinstall 1778848291518
522 silly unfinished npm timer build:run:postinstall:node_modules/wrangler/node_modules/esbuild 1778848291518
523 silly unfinished npm timer build:run:postinstall:node_modules/wrangler/node_modules/workerd 1778848291550
524 verbose cwd /data/data/com.termux/files/home
525 verbose os Linux 5.10.236-android12-9-31998796-abS906EXXSDGZB6
526 verbose node v25.8.2
527 verbose npm  v11.14.1
528 verbose exit 1
529 verbose code 1
530 error A complete log of this run can be found in: /data/data/com.termux/files/home/.npm/_logs/2026-05-15T12_31_20_168Z-debug-0.log
