0 verbose cli /data/data/com.termux/files/usr/bin/node /data/data/com.termux/files/usr/bin/npm
1 info using npm@11.14.1
2 info using node@v25.8.2
3 silly config load:file:/data/data/com.termux/files/usr/lib/node_modules/npm/npmrc
4 silly config load:file:/data/data/com.termux/files/home/.npmrc
5 silly config load:file:/data/data/com.termux/files/usr/etc/npmrc
6 verbose title npm install wrangler
7 verbose argv "install" "--global" "wrangler"
8 verbose logfile logs-max:10 dir:/data/data/com.termux/files/home/.npm/_logs/2026-05-15T13_02_56_752Z-
9 verbose logfile /data/data/com.termux/files/home/.npm/_logs/2026-05-15T13_02_56_752Z-debug-0.log
10 silly packumentCache heap:1174405120 maxSize:293601280 maxEntrySize:146800640
11 silly logfile start cleaning logs, removing 1 files
12 silly logfile done cleaning log files
13 silly idealTree buildDeps
14 silly fetch manifest wrangler@*
15 silly packumentCache full:https://registry.npmjs.org/wrangler cache-miss
16 http fetch GET 200 https://registry.npmjs.org/wrangler 357ms (cache revalidated)
17 silly packumentCache full:https://registry.npmjs.org/wrangler set size:29368946 disposed:false
18 silly placeDep ROOT wrangler@4.92.0 OK for:  want: *
19 silly fetch manifest blake3-wasm@2.1.5
20 silly packumentCache full:https://registry.npmjs.org/blake3-wasm cache-miss
21 silly fetch manifest esbuild@0.27.3
22 silly packumentCache full:https://registry.npmjs.org/esbuild cache-miss
23 silly fetch manifest path-to-regexp@6.3.0
24 silly packumentCache full:https://registry.npmjs.org/path-to-regexp cache-miss
25 silly fetch manifest unenv@2.0.0-rc.24
26 silly packumentCache full:https://registry.npmjs.org/unenv cache-miss
27 silly fetch manifest workerd@1.20260515.1
28 silly packumentCache full:https://registry.npmjs.org/workerd cache-miss
29 silly fetch manifest @cloudflare/kv-asset-handler@0.5.0
30 silly packumentCache full:https://registry.npmjs.org/@cloudflare%2fkv-asset-handler cache-miss
31 http fetch GET 200 https://registry.npmjs.org/blake3-wasm 187ms (cache revalidated)
32 silly packumentCache full:https://registry.npmjs.org/blake3-wasm set size:6797 disposed:false
33 silly fetch manifest @cloudflare/unenv-preset@2.16.1
34 silly packumentCache full:https://registry.npmjs.org/@cloudflare%2funenv-preset cache-miss
35 http fetch GET 200 https://registry.npmjs.org/esbuild 195ms (cache revalidated)
36 silly packumentCache full:https://registry.npmjs.org/esbuild set size:1254708 disposed:false
37 silly fetch manifest miniflare@4.20260515.0
38 silly packumentCache full:https://registry.npmjs.org/miniflare cache-miss
39 http fetch GET 200 https://registry.npmjs.org/path-to-regexp 212ms (cache revalidated)
40 silly packumentCache full:https://registry.npmjs.org/path-to-regexp set size:216334 disposed:false
41 silly fetch manifest fsevents@~2.3.2
42 silly packumentCache full:https://registry.npmjs.org/fsevents cache-miss
43 http fetch GET 200 https://registry.npmjs.org/workerd 227ms (cache revalidated)
44 silly packumentCache full:https://registry.npmjs.org/workerd set size:795481 disposed:false
45 http fetch GET 200 https://registry.npmjs.org/unenv 243ms (cache revalidated)
46 silly packumentCache full:https://registry.npmjs.org/unenv set size:236480 disposed:false
47 http fetch GET 200 https://registry.npmjs.org/fsevents 64ms (cache revalidated)
48 silly packumentCache full:https://registry.npmjs.org/fsevents set size:182472 disposed:false
49 http fetch GET 200 https://registry.npmjs.org/miniflare 106ms (cache revalidated)
50 silly packumentCache full:https://registry.npmjs.org/miniflare set size:6550779 disposed:false
51 http fetch GET 200 https://registry.npmjs.org/@cloudflare%2fkv-asset-handler 642ms (cache revalidated)
52 silly packumentCache full:https://registry.npmjs.org/@cloudflare%2fkv-asset-handler set size:83933 disposed:false
53 http fetch GET 200 https://registry.npmjs.org/@cloudflare%2funenv-preset 592ms (cache revalidated)
54 silly packumentCache full:https://registry.npmjs.org/@cloudflare%2funenv-preset set size:3362208 disposed:false
55 silly placeDep node_modules/wrangler @cloudflare/kv-asset-handler@0.5.0 OK for: wrangler@4.92.0 want: 0.5.0
56 silly placeDep node_modules/wrangler @cloudflare/unenv-preset@2.16.1 OK for: wrangler@4.92.0 want: 2.16.1
57 silly placeDep node_modules/wrangler unenv@2.0.0-rc.24 OK for: @cloudflare/unenv-preset@2.16.1 want: 2.0.0-rc.24
58 silly placeDep node_modules/wrangler blake3-wasm@2.1.5 OK for: wrangler@4.92.0 want: 2.1.5
59 silly placeDep node_modules/wrangler esbuild@0.27.3 OK for: wrangler@4.92.0 want: 0.27.3
60 silly placeDep node_modules/wrangler fsevents@2.3.3 OK for: wrangler@4.92.0 want: ~2.3.2
61 silly placeDep node_modules/wrangler miniflare@4.20260515.0 OK for: wrangler@4.92.0 want: 4.20260515.0
62 silly placeDep node_modules/wrangler path-to-regexp@6.3.0 OK for: wrangler@4.92.0 want: 6.3.0
63 silly placeDep node_modules/wrangler workerd@1.20260515.1 OK for: wrangler@4.92.0 want: 1.20260515.1
64 silly fetch manifest pathe@^2.0.3
65 silly packumentCache full:https://registry.npmjs.org/pathe cache-miss
66 silly fetch manifest @esbuild/aix-ppc64@0.27.3
67 silly packumentCache full:https://registry.npmjs.org/@esbuild%2faix-ppc64 cache-miss
68 silly fetch manifest @esbuild/linux-arm@0.27.3
69 silly packumentCache full:https://registry.npmjs.org/@esbuild%2flinux-arm cache-miss
70 silly fetch manifest @esbuild/linux-x64@0.27.3
71 silly packumentCache full:https://registry.npmjs.org/@esbuild%2flinux-x64 cache-miss
72 silly fetch manifest @esbuild/sunos-x64@0.27.3
73 silly packumentCache full:https://registry.npmjs.org/@esbuild%2fsunos-x64 cache-miss
74 silly fetch manifest @esbuild/win32-x64@0.27.3
75 silly packumentCache full:https://registry.npmjs.org/@esbuild%2fwin32-x64 cache-miss
76 http fetch GET 200 https://registry.npmjs.org/pathe 72ms (cache revalidated)
77 silly packumentCache full:https://registry.npmjs.org/pathe set size:68788 disposed:false
78 silly fetch manifest @esbuild/darwin-x64@0.27.3
79 silly packumentCache full:https://registry.npmjs.org/@esbuild%2fdarwin-x64 cache-miss
80 http fetch GET 200 https://registry.npmjs.org/@esbuild%2faix-ppc64 75ms (cache revalidated)
81 silly packumentCache full:https://registry.npmjs.org/@esbuild%2faix-ppc64 set size:64314 disposed:false
82 silly fetch manifest @esbuild/linux-ia32@0.27.3
83 silly packumentCache full:https://registry.npmjs.org/@esbuild%2flinux-ia32 cache-miss
84 http fetch GET 200 https://registry.npmjs.org/@esbuild%2flinux-x64 77ms (cache revalidated)
85 silly packumentCache full:https://registry.npmjs.org/@esbuild%2flinux-x64 set size:195479 disposed:false
86 silly fetch manifest @esbuild/netbsd-x64@0.27.3
87 silly packumentCache full:https://registry.npmjs.org/@esbuild%2fnetbsd-x64 cache-miss
88 http fetch GET 200 https://registry.npmjs.org/@esbuild%2flinux-arm 80ms (cache revalidated)
89 silly packumentCache full:https://registry.npmjs.org/@esbuild%2flinux-arm set size:195140 disposed:false
90 silly fetch manifest @esbuild/win32-ia32@0.27.3
91 silly packumentCache full:https://registry.npmjs.org/@esbuild%2fwin32-ia32 cache-miss
92 http fetch GET 200 https://registry.npmjs.org/@esbuild%2fwin32-x64 91ms (cache revalidated)
93 silly packumentCache full:https://registry.npmjs.org/@esbuild%2fwin32-x64 set size:194073 disposed:false
94 silly fetch manifest @esbuild/android-arm@0.27.3
95 silly packumentCache full:https://registry.npmjs.org/@esbuild%2fandroid-arm cache-miss
96 http fetch GET 200 https://registry.npmjs.org/@esbuild%2fsunos-x64 95ms (cache revalidated)
97 silly packumentCache full:https://registry.npmjs.org/@esbuild%2fsunos-x64 set size:195721 disposed:false
98 silly fetch manifest @esbuild/android-x64@0.27.3
99 silly packumentCache full:https://registry.npmjs.org/@esbuild%2fandroid-x64 cache-miss
100 http fetch GET 200 https://registry.npmjs.org/@esbuild%2fandroid-arm 73ms (cache revalidated)
101 silly packumentCache full:https://registry.npmjs.org/@esbuild%2fandroid-arm set size:221749 disposed:false
102 silly fetch manifest @esbuild/freebsd-x64@0.27.3
103 silly packumentCache full:https://registry.npmjs.org/@esbuild%2ffreebsd-x64 cache-miss
104 http fetch GET 200 https://registry.npmjs.org/@esbuild%2fwin32-ia32 101ms (cache revalidated)
105 silly packumentCache full:https://registry.npmjs.org/@esbuild%2fwin32-ia32 set size:196374 disposed:false
106 silly fetch manifest @esbuild/linux-arm64@0.27.3
107 silly packumentCache full:https://registry.npmjs.org/@esbuild%2flinux-arm64 cache-miss
108 http fetch GET 200 https://registry.npmjs.org/@esbuild%2fandroid-x64 91ms (cache revalidated)
109 silly packumentCache full:https://registry.npmjs.org/@esbuild%2fandroid-x64 set size:195551 disposed:false
110 silly fetch manifest @esbuild/linux-ppc64@0.27.3
111 silly packumentCache full:https://registry.npmjs.org/@esbuild%2flinux-ppc64 cache-miss
112 http fetch GET 200 https://registry.npmjs.org/@esbuild%2ffreebsd-x64 83ms (cache revalidated)
113 silly packumentCache full:https://registry.npmjs.org/@esbuild%2ffreebsd-x64 set size:197070 disposed:false
114 silly fetch manifest @esbuild/linux-s390x@0.27.3
115 silly packumentCache full:https://registry.npmjs.org/@esbuild%2flinux-s390x cache-miss
116 http fetch GET 200 https://registry.npmjs.org/@esbuild%2flinux-arm64 82ms (cache revalidated)
117 silly packumentCache full:https://registry.npmjs.org/@esbuild%2flinux-arm64 set size:197274 disposed:false
118 silly fetch manifest @esbuild/openbsd-x64@0.27.3
119 silly packumentCache full:https://registry.npmjs.org/@esbuild%2fopenbsd-x64 cache-miss
120 http fetch GET 200 https://registry.npmjs.org/@esbuild%2flinux-ppc64 91ms (cache revalidated)
121 silly packumentCache full:https://registry.npmjs.org/@esbuild%2flinux-ppc64 set size:199310 disposed:false
122 silly fetch manifest @esbuild/win32-arm64@0.27.3
123 silly packumentCache full:https://registry.npmjs.org/@esbuild%2fwin32-arm64 cache-miss
124 http fetch GET 200 https://registry.npmjs.org/@esbuild%2fopenbsd-x64 86ms (cache revalidated)
125 silly packumentCache full:https://registry.npmjs.org/@esbuild%2fopenbsd-x64 set size:197080 disposed:false
126 silly fetch manifest @esbuild/darwin-arm64@0.27.3
127 silly packumentCache full:https://registry.npmjs.org/@esbuild%2fdarwin-arm64 cache-miss
128 http fetch GET 200 https://registry.npmjs.org/@esbuild%2fdarwin-arm64 79ms (cache revalidated)
129 silly packumentCache full:https://registry.npmjs.org/@esbuild%2fdarwin-arm64 set size:197958 disposed:false
130 silly fetch manifest @esbuild/netbsd-arm64@0.27.3
131 silly packumentCache full:https://registry.npmjs.org/@esbuild%2fnetbsd-arm64 cache-miss
132 http fetch GET 200 https://registry.npmjs.org/@esbuild%2fdarwin-x64 379ms (cache revalidated)
133 silly packumentCache full:https://registry.npmjs.org/@esbuild%2fdarwin-x64 set size:196195 disposed:false
134 silly fetch manifest @esbuild/android-arm64@0.27.3
135 silly packumentCache full:https://registry.npmjs.org/@esbuild%2fandroid-arm64 cache-miss
136 http fetch GET 200 https://registry.npmjs.org/@esbuild%2flinux-ia32 432ms (cache revalidated)
137 silly packumentCache full:https://registry.npmjs.org/@esbuild%2flinux-ia32 set size:196150 disposed:false
138 silly fetch manifest @esbuild/freebsd-arm64@0.27.3
139 silly packumentCache full:https://registry.npmjs.org/@esbuild%2ffreebsd-arm64 cache-miss
140 http fetch GET 200 https://registry.npmjs.org/@esbuild%2flinux-s390x 252ms (cache revalidated)
141 silly packumentCache full:https://registry.npmjs.org/@esbuild%2flinux-s390x set size:198784 disposed:false
142 silly fetch manifest @esbuild/linux-loong64@0.27.3
143 silly packumentCache full:https://registry.npmjs.org/@esbuild%2flinux-loong64 cache-miss
144 http fetch GET 200 https://registry.npmjs.org/@esbuild%2fnetbsd-x64 440ms (cache revalidated)
145 silly packumentCache full:https://registry.npmjs.org/@esbuild%2fnetbsd-x64 set size:193883 disposed:false
146 silly fetch manifest @esbuild/linux-riscv64@0.27.3
147 silly packumentCache full:https://registry.npmjs.org/@esbuild%2flinux-riscv64 cache-miss
148 http fetch GET 200 https://registry.npmjs.org/@esbuild%2fandroid-arm64 86ms (cache revalidated)
149 silly packumentCache full:https://registry.npmjs.org/@esbuild%2fandroid-arm64 set size:200684 disposed:false
150 silly fetch manifest @esbuild/openbsd-arm64@0.27.3
151 silly packumentCache full:https://registry.npmjs.org/@esbuild%2fopenbsd-arm64 cache-miss
152 http fetch GET 200 https://registry.npmjs.org/@esbuild%2fnetbsd-arm64 104ms (cache revalidated)
153 silly packumentCache full:https://registry.npmjs.org/@esbuild%2fnetbsd-arm64 set size:40794 disposed:false
154 silly fetch manifest @esbuild/linux-mips64el@0.27.3
155 silly packumentCache full:https://registry.npmjs.org/@esbuild%2flinux-mips64el cache-miss
156 http fetch GET 200 https://registry.npmjs.org/@esbuild%2ffreebsd-arm64 80ms (cache revalidated)
157 silly packumentCache full:https://registry.npmjs.org/@esbuild%2ffreebsd-arm64 set size:198853 disposed:false
158 silly fetch manifest @esbuild/openharmony-arm64@0.27.3
159 silly packumentCache full:https://registry.npmjs.org/@esbuild%2fopenharmony-arm64 cache-miss
160 http fetch GET 200 https://registry.npmjs.org/@esbuild%2flinux-loong64 83ms (cache revalidated)
161 silly packumentCache full:https://registry.npmjs.org/@esbuild%2flinux-loong64 set size:252211 disposed:false
162 silly fetch manifest @cspotcode/source-map-support@0.8.1
163 silly packumentCache full:https://registry.npmjs.org/@cspotcode%2fsource-map-support cache-miss
164 http fetch GET 200 https://registry.npmjs.org/@esbuild%2flinux-riscv64 82ms (cache revalidated)
165 silly packumentCache full:https://registry.npmjs.org/@esbuild%2flinux-riscv64 set size:198981 disposed:false
166 silly fetch manifest sharp@^0.34.5
167 silly packumentCache full:https://registry.npmjs.org/sharp cache-miss
168 http fetch GET 200 https://registry.npmjs.org/@esbuild%2fopenbsd-arm64 80ms (cache revalidated)
169 silly packumentCache full:https://registry.npmjs.org/@esbuild%2fopenbsd-arm64 set size:46111 disposed:false
170 silly fetch manifest undici@7.24.8
171 silly packumentCache full:https://registry.npmjs.org/undici cache-miss
172 http fetch GET 200 https://registry.npmjs.org/@esbuild%2fwin32-arm64 374ms (cache revalidated)
173 silly packumentCache full:https://registry.npmjs.org/@esbuild%2fwin32-arm64 set size:197504 disposed:false
174 silly fetch manifest ws@8.18.0
175 silly packumentCache full:https://registry.npmjs.org/ws cache-miss
176 http fetch GET 200 https://registry.npmjs.org/@esbuild%2fopenharmony-arm64 89ms (cache revalidated)
177 silly packumentCache full:https://registry.npmjs.org/@esbuild%2fopenharmony-arm64 set size:29494 disposed:false
178 silly fetch manifest youch@4.1.0-beta.10
179 silly packumentCache full:https://registry.npmjs.org/youch cache-miss
180 http fetch GET 200 https://registry.npmjs.org/sharp 84ms (cache revalidated)
181 silly packumentCache full:https://registry.npmjs.org/sharp set size:1072564 disposed:false
182 silly fetch manifest @cloudflare/workerd-darwin-arm64@1.20260515.1
183 silly packumentCache full:https://registry.npmjs.org/@cloudflare%2fworkerd-darwin-arm64 cache-miss
184 http fetch GET 200 https://registry.npmjs.org/undici 89ms (cache revalidated)
185 silly packumentCache full:https://registry.npmjs.org/undici set size:1412963 disposed:false
186 silly fetch manifest @cloudflare/workerd-darwin-64@1.20260515.1
187 silly packumentCache full:https://registry.npmjs.org/@cloudflare%2fworkerd-darwin-64 cache-miss
188 http fetch GET 200 https://registry.npmjs.org/youch 69ms (cache revalidated)
189 silly packumentCache full:https://registry.npmjs.org/youch set size:154842 disposed:false
190 silly fetch manifest @cloudflare/workerd-linux-arm64@1.20260515.1
191 silly packumentCache full:https://registry.npmjs.org/@cloudflare%2fworkerd-linux-arm64 cache-miss
192 http fetch GET 200 https://registry.npmjs.org/ws 98ms (cache revalidated)
193 silly packumentCache full:https://registry.npmjs.org/ws set size:418167 disposed:false
194 silly fetch manifest @cloudflare/workerd-linux-64@1.20260515.1
195 silly packumentCache full:https://registry.npmjs.org/@cloudflare%2fworkerd-linux-64 cache-miss
196 http fetch GET 200 https://registry.npmjs.org/@esbuild%2flinux-mips64el 367ms (cache revalidated)
197 silly packumentCache full:https://registry.npmjs.org/@esbuild%2flinux-mips64el set size:201062 disposed:false
198 silly fetch manifest @cloudflare/workerd-windows-64@1.20260515.1
199 silly packumentCache full:https://registry.npmjs.org/@cloudflare%2fworkerd-windows-64 cache-miss
200 http fetch GET 200 https://registry.npmjs.org/@cspotcode%2fsource-map-support 395ms (cache revalidated)
201 silly packumentCache full:https://registry.npmjs.org/@cspotcode%2fsource-map-support set size:30214 disposed:false
202 http fetch GET 200 https://registry.npmjs.org/@cloudflare%2fworkerd-linux-64 372ms (cache revalidated)
203 silly packumentCache full:https://registry.npmjs.org/@cloudflare%2fworkerd-linux-64 set size:1610217 disposed:false
204 http fetch GET 200 https://registry.npmjs.org/@cloudflare%2fworkerd-darwin-64 446ms (cache revalidated)
205 silly packumentCache full:https://registry.npmjs.org/@cloudflare%2fworkerd-darwin-64 set size:1611991 disposed:false
206 http fetch GET 200 https://registry.npmjs.org/@cloudflare%2fworkerd-darwin-arm64 604ms (cache revalidated)
207 silly packumentCache full:https://registry.npmjs.org/@cloudflare%2fworkerd-darwin-arm64 set size:1611506 disposed:false
208 http fetch GET 200 https://registry.npmjs.org/@cloudflare%2fworkerd-windows-64 416ms (cache revalidated)
209 silly packumentCache full:https://registry.npmjs.org/@cloudflare%2fworkerd-windows-64 set size:1519536 disposed:false
210 http fetch GET 200 https://registry.npmjs.org/@cloudflare%2fworkerd-linux-arm64 627ms (cache revalidated)
211 silly packumentCache full:https://registry.npmjs.org/@cloudflare%2fworkerd-linux-arm64 set size:1602354 disposed:false
212 silly placeDep node_modules/wrangler @esbuild/aix-ppc64@0.27.3 OK for: esbuild@0.27.3 want: 0.27.3
213 silly placeDep node_modules/wrangler @esbuild/android-arm@0.27.3 OK for: esbuild@0.27.3 want: 0.27.3
214 silly placeDep node_modules/wrangler @esbuild/android-arm64@0.27.3 OK for: esbuild@0.27.3 want: 0.27.3
215 silly placeDep node_modules/wrangler @esbuild/android-x64@0.27.3 OK for: esbuild@0.27.3 want: 0.27.3
216 silly placeDep node_modules/wrangler @esbuild/darwin-arm64@0.27.3 OK for: esbuild@0.27.3 want: 0.27.3
217 silly placeDep node_modules/wrangler @esbuild/darwin-x64@0.27.3 OK for: esbuild@0.27.3 want: 0.27.3
218 silly placeDep node_modules/wrangler @esbuild/freebsd-arm64@0.27.3 OK for: esbuild@0.27.3 want: 0.27.3
219 silly placeDep node_modules/wrangler @esbuild/freebsd-x64@0.27.3 OK for: esbuild@0.27.3 want: 0.27.3
220 silly placeDep node_modules/wrangler @esbuild/linux-arm@0.27.3 OK for: esbuild@0.27.3 want: 0.27.3
221 silly placeDep node_modules/wrangler @esbuild/linux-arm64@0.27.3 OK for: esbuild@0.27.3 want: 0.27.3
222 silly placeDep node_modules/wrangler @esbuild/linux-ia32@0.27.3 OK for: esbuild@0.27.3 want: 0.27.3
223 silly placeDep node_modules/wrangler @esbuild/linux-loong64@0.27.3 OK for: esbuild@0.27.3 want: 0.27.3
224 silly placeDep node_modules/wrangler @esbuild/linux-mips64el@0.27.3 OK for: esbuild@0.27.3 want: 0.27.3
225 silly placeDep node_modules/wrangler @esbuild/linux-ppc64@0.27.3 OK for: esbuild@0.27.3 want: 0.27.3
226 silly placeDep node_modules/wrangler @esbuild/linux-riscv64@0.27.3 OK for: esbuild@0.27.3 want: 0.27.3
227 silly placeDep node_modules/wrangler @esbuild/linux-s390x@0.27.3 OK for: esbuild@0.27.3 want: 0.27.3
228 silly placeDep node_modules/wrangler @esbuild/linux-x64@0.27.3 OK for: esbuild@0.27.3 want: 0.27.3
229 silly placeDep node_modules/wrangler @esbuild/netbsd-arm64@0.27.3 OK for: esbuild@0.27.3 want: 0.27.3
230 silly placeDep node_modules/wrangler @esbuild/netbsd-x64@0.27.3 OK for: esbuild@0.27.3 want: 0.27.3
231 silly placeDep node_modules/wrangler @esbuild/openbsd-arm64@0.27.3 OK for: esbuild@0.27.3 want: 0.27.3
232 silly placeDep node_modules/wrangler @esbuild/openbsd-x64@0.27.3 OK for: esbuild@0.27.3 want: 0.27.3
233 silly placeDep node_modules/wrangler @esbuild/openharmony-arm64@0.27.3 OK for: esbuild@0.27.3 want: 0.27.3
234 silly placeDep node_modules/wrangler @esbuild/sunos-x64@0.27.3 OK for: esbuild@0.27.3 want: 0.27.3
235 silly placeDep node_modules/wrangler @esbuild/win32-arm64@0.27.3 OK for: esbuild@0.27.3 want: 0.27.3
236 silly placeDep node_modules/wrangler @esbuild/win32-ia32@0.27.3 OK for: esbuild@0.27.3 want: 0.27.3
237 silly placeDep node_modules/wrangler @esbuild/win32-x64@0.27.3 OK for: esbuild@0.27.3 want: 0.27.3
238 silly fetch manifest bufferutil@^4.0.1
239 silly packumentCache full:https://registry.npmjs.org/bufferutil cache-miss
240 http fetch GET 200 https://registry.npmjs.org/bufferutil 61ms (cache revalidated)
241 silly packumentCache full:https://registry.npmjs.org/bufferutil set size:52763 disposed:false
242 silly fetch manifest utf-8-validate@>=5.0.2
243 silly packumentCache full:https://registry.npmjs.org/utf-8-validate cache-miss
244 http fetch GET 200 https://registry.npmjs.org/utf-8-validate 71ms (cache revalidated)
245 silly packumentCache full:https://registry.npmjs.org/utf-8-validate set size:77148 disposed:false
246 silly placeDep node_modules/wrangler @cspotcode/source-map-support@0.8.1 OK for: miniflare@4.20260515.0 want: 0.8.1
247 silly placeDep node_modules/wrangler sharp@0.34.5 OK for: miniflare@4.20260515.0 want: ^0.34.5
248 silly placeDep node_modules/wrangler undici@7.24.8 OK for: miniflare@4.20260515.0 want: 7.24.8
249 silly placeDep node_modules/wrangler ws@8.18.0 OK for: miniflare@4.20260515.0 want: 8.18.0
250 silly placeDep node_modules/wrangler youch@4.1.0-beta.10 OK for: miniflare@4.20260515.0 want: 4.1.0-beta.10
251 silly fetch manifest @jridgewell/trace-mapping@0.3.9
252 silly packumentCache full:https://registry.npmjs.org/@jridgewell%2ftrace-mapping cache-miss
253 silly fetch manifest semver@^7.7.3
254 silly packumentCache full:https://registry.npmjs.org/semver cache-miss
255 silly fetch manifest @img/colour@^1.0.0
256 silly packumentCache full:https://registry.npmjs.org/@img%2fcolour cache-miss
257 silly fetch manifest detect-libc@^2.1.2
258 silly packumentCache full:https://registry.npmjs.org/detect-libc cache-miss
259 silly fetch manifest @img/sharp-wasm32@0.34.5
260 silly packumentCache full:https://registry.npmjs.org/@img%2fsharp-wasm32 cache-miss
261 silly fetch manifest @img/sharp-linux-arm@0.34.5
262 silly packumentCache full:https://registry.npmjs.org/@img%2fsharp-linux-arm cache-miss
263 http fetch GET 200 https://registry.npmjs.org/detect-libc 78ms (cache revalidated)
264 silly packumentCache full:https://registry.npmjs.org/detect-libc set size:47861 disposed:false
265 silly fetch manifest @img/sharp-linux-x64@0.34.5
266 silly packumentCache full:https://registry.npmjs.org/@img%2fsharp-linux-x64 cache-miss
267 http fetch GET 200 https://registry.npmjs.org/semver 84ms (cache revalidated)
268 silly packumentCache full:https://registry.npmjs.org/semver set size:233058 disposed:false
269 silly fetch manifest @img/sharp-win32-x64@0.34.5
270 silly packumentCache full:https://registry.npmjs.org/@img%2fsharp-win32-x64 cache-miss
271 http fetch GET 200 https://registry.npmjs.org/@jridgewell%2ftrace-mapping 95ms (cache revalidated)
272 silly packumentCache full:https://registry.npmjs.org/@jridgewell%2ftrace-mapping set size:170909 disposed:false
273 silly fetch manifest @img/sharp-darwin-x64@0.34.5
274 silly packumentCache full:https://registry.npmjs.org/@img%2fsharp-darwin-x64 cache-miss
275 http fetch GET 200 https://registry.npmjs.org/@img%2fsharp-win32-x64 381ms (cache revalidated)
276 silly packumentCache full:https://registry.npmjs.org/@img%2fsharp-win32-x64 set size:72477 disposed:false
277 silly fetch manifest @img/sharp-win32-ia32@0.34.5
278 silly packumentCache full:https://registry.npmjs.org/@img%2fsharp-win32-ia32 cache-miss
279 http fetch GET 200 https://registry.npmjs.org/@img%2fcolour 527ms (cache revalidated)
280 silly packumentCache full:https://registry.npmjs.org/@img%2fcolour set size:9701 disposed:false
281 silly fetch manifest @img/sharp-linux-arm64@0.34.5
282 silly packumentCache full:https://registry.npmjs.org/@img%2fsharp-linux-arm64 cache-miss
283 http fetch GET 200 https://registry.npmjs.org/@img%2fsharp-linux-arm 544ms (cache revalidated)
284 silly packumentCache full:https://registry.npmjs.org/@img%2fsharp-linux-arm set size:75025 disposed:false
285 silly fetch manifest @img/sharp-linux-ppc64@0.34.5
286 silly packumentCache full:https://registry.npmjs.org/@img%2fsharp-linux-ppc64 cache-miss
287 http fetch GET 200 https://registry.npmjs.org/@img%2fsharp-linux-x64 520ms (cache revalidated)
288 silly packumentCache full:https://registry.npmjs.org/@img%2fsharp-linux-x64 set size:74659 disposed:false
289 silly fetch manifest @img/sharp-linux-s390x@0.34.5
290 silly packumentCache full:https://registry.npmjs.org/@img%2fsharp-linux-s390x cache-miss
291 http fetch GET 200 https://registry.npmjs.org/@img%2fsharp-darwin-x64 573ms (cache revalidated)
292 silly packumentCache full:https://registry.npmjs.org/@img%2fsharp-darwin-x64 set size:75437 disposed:false
293 silly fetch manifest @img/sharp-win32-arm64@0.34.5
294 silly packumentCache full:https://registry.npmjs.org/@img%2fsharp-win32-arm64 cache-miss
295 http fetch GET 200 https://registry.npmjs.org/@img%2fsharp-wasm32 699ms (cache revalidated)
296 silly packumentCache full:https://registry.npmjs.org/@img%2fsharp-wasm32 set size:69437 disposed:false
297 silly fetch manifest @img/sharp-darwin-arm64@0.34.5
298 silly packumentCache full:https://registry.npmjs.org/@img%2fsharp-darwin-arm64 cache-miss
299 http fetch GET 200 https://registry.npmjs.org/@img%2fsharp-linux-arm64 373ms (cache revalidated)
300 silly packumentCache full:https://registry.npmjs.org/@img%2fsharp-linux-arm64 set size:75657 disposed:false
301 silly fetch manifest @img/sharp-linux-riscv64@0.34.5
302 silly packumentCache full:https://registry.npmjs.org/@img%2fsharp-linux-riscv64 cache-miss
303 http fetch GET 200 https://registry.npmjs.org/@img%2fsharp-win32-ia32 447ms (cache revalidated)
304 silly packumentCache full:https://registry.npmjs.org/@img%2fsharp-win32-ia32 set size:73172 disposed:false
305 silly fetch manifest @img/sharp-linuxmusl-x64@0.34.5
306 silly packumentCache full:https://registry.npmjs.org/@img%2fsharp-linuxmusl-x64 cache-miss
307 http fetch GET 200 https://registry.npmjs.org/@img%2fsharp-linux-ppc64 420ms (cache revalidated)
308 silly packumentCache full:https://registry.npmjs.org/@img%2fsharp-linux-ppc64 set size:40341 disposed:false
309 silly fetch manifest @img/sharp-linuxmusl-arm64@0.34.5
310 silly packumentCache full:https://registry.npmjs.org/@img%2fsharp-linuxmusl-arm64 cache-miss
311 http fetch GET 200 https://registry.npmjs.org/@img%2fsharp-linux-s390x 428ms (cache revalidated)
312 silly packumentCache full:https://registry.npmjs.org/@img%2fsharp-linux-s390x set size:73603 disposed:false
313 silly fetch manifest @img/sharp-libvips-linux-arm@1.2.4
314 silly packumentCache full:https://registry.npmjs.org/@img%2fsharp-libvips-linux-arm cache-miss
315 http fetch GET 200 https://registry.npmjs.org/@img%2fsharp-linuxmusl-x64 122ms (cache revalidated)
316 silly packumentCache full:https://registry.npmjs.org/@img%2fsharp-linuxmusl-x64 set size:75867 disposed:false
317 silly fetch manifest @img/sharp-libvips-linux-x64@1.2.4
318 silly packumentCache full:https://registry.npmjs.org/@img%2fsharp-libvips-linux-x64 cache-miss
319 http fetch GET 200 https://registry.npmjs.org/@img%2fsharp-win32-arm64 386ms (cache revalidated)
320 silly packumentCache full:https://registry.npmjs.org/@img%2fsharp-win32-arm64 set size:32122 disposed:false
321 silly fetch manifest @img/sharp-libvips-darwin-x64@1.2.4
322 silly packumentCache full:https://registry.npmjs.org/@img%2fsharp-libvips-darwin-x64 cache-miss
323 http fetch GET 200 https://registry.npmjs.org/@img%2fsharp-darwin-arm64 364ms (cache revalidated)
324 silly packumentCache full:https://registry.npmjs.org/@img%2fsharp-darwin-arm64 set size:76460 disposed:false
325 silly fetch manifest @img/sharp-libvips-linux-arm64@1.2.4
326 silly packumentCache full:https://registry.npmjs.org/@img%2fsharp-libvips-linux-arm64 cache-miss
327 http fetch GET 200 https://registry.npmjs.org/@img%2fsharp-linuxmusl-arm64 430ms (cache revalidated)
328 silly packumentCache full:https://registry.npmjs.org/@img%2fsharp-linuxmusl-arm64 set size:76866 disposed:false
329 silly fetch manifest @img/sharp-libvips-linux-ppc64@1.2.4
330 silly packumentCache full:https://registry.npmjs.org/@img%2fsharp-libvips-linux-ppc64 cache-miss
331 http fetch GET 200 https://registry.npmjs.org/@img%2fsharp-libvips-linux-x64 369ms (cache revalidated)
332 silly packumentCache full:https://registry.npmjs.org/@img%2fsharp-libvips-linux-x64 set size:65113 disposed:false
333 silly fetch manifest @img/sharp-libvips-linux-s390x@1.2.4
334 silly packumentCache full:https://registry.npmjs.org/@img%2fsharp-libvips-linux-s390x cache-miss
335 http fetch GET 200 https://registry.npmjs.org/@img%2fsharp-linux-riscv64 527ms (cache revalidated)
336 silly packumentCache full:https://registry.npmjs.org/@img%2fsharp-linux-riscv64 set size:17504 disposed:false
337 silly fetch manifest @img/sharp-libvips-darwin-arm64@1.2.4
338 silly packumentCache full:https://registry.npmjs.org/@img%2fsharp-libvips-darwin-arm64 cache-miss
339 http fetch GET 200 https://registry.npmjs.org/@img%2fsharp-libvips-linux-arm 402ms (cache revalidated)
340 silly packumentCache full:https://registry.npmjs.org/@img%2fsharp-libvips-linux-arm set size:67087 disposed:false
341 silly fetch manifest @img/sharp-libvips-linux-riscv64@1.2.4
342 silly packumentCache full:https://registry.npmjs.org/@img%2fsharp-libvips-linux-riscv64 cache-miss
343 http fetch GET 200 https://registry.npmjs.org/@img%2fsharp-libvips-darwin-x64 394ms (cache revalidated)
344 silly packumentCache full:https://registry.npmjs.org/@img%2fsharp-libvips-darwin-x64 set size:60181 disposed:false
345 silly fetch manifest @img/sharp-libvips-linuxmusl-x64@1.2.4
346 silly packumentCache full:https://registry.npmjs.org/@img%2fsharp-libvips-linuxmusl-x64 cache-miss
347 http fetch GET 200 https://registry.npmjs.org/@img%2fsharp-libvips-linux-arm64 556ms (cache revalidated)
348 silly packumentCache full:https://registry.npmjs.org/@img%2fsharp-libvips-linux-arm64 set size:64016 disposed:false
349 silly fetch manifest @img/sharp-libvips-linuxmusl-arm64@1.2.4
350 silly packumentCache full:https://registry.npmjs.org/@img%2fsharp-libvips-linuxmusl-arm64 cache-miss
351 http fetch GET 200 https://registry.npmjs.org/@img%2fsharp-libvips-linux-riscv64 436ms (cache revalidated)
352 silly packumentCache full:https://registry.npmjs.org/@img%2fsharp-libvips-linux-riscv64 set size:37238 disposed:false
353 silly fetch manifest cookie@^1.0.2
354 silly packumentCache full:https://registry.npmjs.org/cookie cache-miss
355 http fetch GET 200 https://registry.npmjs.org/@img%2fsharp-libvips-linux-s390x 535ms (cache revalidated)
356 silly packumentCache full:https://registry.npmjs.org/@img%2fsharp-libvips-linux-s390x set size:60203 disposed:false
357 silly fetch manifest youch-core@^0.3.3
358 silly packumentCache full:https://registry.npmjs.org/youch-core cache-miss
359 http fetch GET 200 https://registry.npmjs.org/cookie 81ms (cache revalidated)
360 silly packumentCache full:https://registry.npmjs.org/cookie set size:72891 disposed:false
361 silly fetch manifest @poppinss/colors@^4.1.5
362 silly packumentCache full:https://registry.npmjs.org/@poppinss%2fcolors cache-miss
363 http fetch GET 200 https://registry.npmjs.org/@img%2fsharp-libvips-linux-ppc64 575ms (cache revalidated)
364 silly packumentCache full:https://registry.npmjs.org/@img%2fsharp-libvips-linux-ppc64 set size:51223 disposed:false
365 silly fetch manifest @poppinss/dumper@^0.6.4
366 silly packumentCache full:https://registry.npmjs.org/@poppinss%2fdumper cache-miss
367 http fetch GET 200 https://registry.npmjs.org/@img%2fsharp-libvips-darwin-arm64 604ms (cache revalidated)
368 silly packumentCache full:https://registry.npmjs.org/@img%2fsharp-libvips-darwin-arm64 set size:60863 disposed:false
369 silly fetch manifest @speed-highlight/core@^1.2.7
370 silly packumentCache full:https://registry.npmjs.org/@speed-highlight%2fcore cache-miss
371 http fetch GET 200 https://registry.npmjs.org/@img%2fsharp-libvips-linuxmusl-x64 586ms (cache revalidated)
372 silly packumentCache full:https://registry.npmjs.org/@img%2fsharp-libvips-linuxmusl-x64 set size:62225 disposed:false
373 http fetch GET 200 https://registry.npmjs.org/youch-core 81ms (cache revalidated)
374 silly packumentCache full:https://registry.npmjs.org/youch-core set size:45040 disposed:false
375 http fetch GET 200 https://registry.npmjs.org/@img%2fsharp-libvips-linuxmusl-arm64 537ms (cache revalidated)
376 silly packumentCache full:https://registry.npmjs.org/@img%2fsharp-libvips-linuxmusl-arm64 set size:62945 disposed:false
377 http fetch GET 200 https://registry.npmjs.org/@poppinss%2fcolors 354ms (cache revalidated)
378 silly packumentCache full:https://registry.npmjs.org/@poppinss%2fcolors set size:139208 disposed:false
379 http fetch GET 200 https://registry.npmjs.org/@poppinss%2fdumper 438ms (cache revalidated)
380 silly packumentCache full:https://registry.npmjs.org/@poppinss%2fdumper set size:90076 disposed:false
381 http fetch GET 200 https://registry.npmjs.org/@speed-highlight%2fcore 586ms (cache revalidated)
382 silly packumentCache full:https://registry.npmjs.org/@speed-highlight%2fcore set size:75220 disposed:false
383 silly placeDep node_modules/wrangler @jridgewell/trace-mapping@0.3.9 OK for: @cspotcode/source-map-support@0.8.1 want: 0.3.9
384 silly fetch manifest @jridgewell/resolve-uri@^3.0.3
385 silly packumentCache full:https://registry.npmjs.org/@jridgewell%2fresolve-uri cache-miss
386 silly fetch manifest @jridgewell/sourcemap-codec@^1.4.10
387 silly packumentCache full:https://registry.npmjs.org/@jridgewell%2fsourcemap-codec cache-miss
388 http fetch GET 200 https://registry.npmjs.org/@jridgewell%2fsourcemap-codec 73ms (cache revalidated)
389 silly packumentCache full:https://registry.npmjs.org/@jridgewell%2fsourcemap-codec set size:59275 disposed:false
390 http fetch GET 200 https://registry.npmjs.org/@jridgewell%2fresolve-uri 233ms (cache revalidated)
391 silly packumentCache full:https://registry.npmjs.org/@jridgewell%2fresolve-uri set size:57361 disposed:false
392 silly placeDep node_modules/wrangler @jridgewell/resolve-uri@3.1.2 OK for: @jridgewell/trace-mapping@0.3.9 want: ^3.0.3
393 silly placeDep node_modules/wrangler @jridgewell/sourcemap-codec@1.5.5 OK for: @jridgewell/trace-mapping@0.3.9 want: ^1.4.10
394 silly placeDep node_modules/wrangler @img/colour@1.1.0 OK for: sharp@0.34.5 want: ^1.0.0
395 silly placeDep node_modules/wrangler @img/sharp-darwin-arm64@0.34.5 OK for: sharp@0.34.5 want: 0.34.5
396 silly placeDep node_modules/wrangler @img/sharp-darwin-x64@0.34.5 OK for: sharp@0.34.5 want: 0.34.5
397 silly placeDep node_modules/wrangler @img/sharp-libvips-darwin-arm64@1.2.4 OK for: sharp@0.34.5 want: 1.2.4
398 silly placeDep node_modules/wrangler @img/sharp-libvips-darwin-x64@1.2.4 OK for: sharp@0.34.5 want: 1.2.4
399 silly placeDep node_modules/wrangler @img/sharp-libvips-linux-arm@1.2.4 OK for: sharp@0.34.5 want: 1.2.4
400 silly placeDep node_modules/wrangler @img/sharp-libvips-linux-arm64@1.2.4 OK for: sharp@0.34.5 want: 1.2.4
401 silly placeDep node_modules/wrangler @img/sharp-libvips-linux-ppc64@1.2.4 OK for: sharp@0.34.5 want: 1.2.4
402 silly placeDep node_modules/wrangler @img/sharp-libvips-linux-riscv64@1.2.4 OK for: sharp@0.34.5 want: 1.2.4
403 silly placeDep node_modules/wrangler @img/sharp-libvips-linux-s390x@1.2.4 OK for: sharp@0.34.5 want: 1.2.4
404 silly placeDep node_modules/wrangler @img/sharp-libvips-linux-x64@1.2.4 OK for: sharp@0.34.5 want: 1.2.4
405 silly placeDep node_modules/wrangler @img/sharp-libvips-linuxmusl-arm64@1.2.4 OK for: sharp@0.34.5 want: 1.2.4
406 silly placeDep node_modules/wrangler @img/sharp-libvips-linuxmusl-x64@1.2.4 OK for: sharp@0.34.5 want: 1.2.4
407 silly placeDep node_modules/wrangler @img/sharp-linux-arm@0.34.5 OK for: sharp@0.34.5 want: 0.34.5
408 silly placeDep node_modules/wrangler @img/sharp-linux-arm64@0.34.5 OK for: sharp@0.34.5 want: 0.34.5
409 silly placeDep node_modules/wrangler @img/sharp-linux-ppc64@0.34.5 OK for: sharp@0.34.5 want: 0.34.5
410 silly placeDep node_modules/wrangler @img/sharp-linux-riscv64@0.34.5 OK for: sharp@0.34.5 want: 0.34.5
411 silly placeDep node_modules/wrangler @img/sharp-linux-s390x@0.34.5 OK for: sharp@0.34.5 want: 0.34.5
412 silly placeDep node_modules/wrangler @img/sharp-linux-x64@0.34.5 OK for: sharp@0.34.5 want: 0.34.5
413 silly placeDep node_modules/wrangler @img/sharp-linuxmusl-arm64@0.34.5 OK for: sharp@0.34.5 want: 0.34.5
414 silly placeDep node_modules/wrangler @img/sharp-linuxmusl-x64@0.34.5 OK for: sharp@0.34.5 want: 0.34.5
415 silly placeDep node_modules/wrangler @img/sharp-wasm32@0.34.5 OK for: sharp@0.34.5 want: 0.34.5
416 silly placeDep node_modules/wrangler @img/sharp-win32-arm64@0.34.5 OK for: sharp@0.34.5 want: 0.34.5
417 silly placeDep node_modules/wrangler @img/sharp-win32-ia32@0.34.5 OK for: sharp@0.34.5 want: 0.34.5
418 silly placeDep node_modules/wrangler @img/sharp-win32-x64@0.34.5 OK for: sharp@0.34.5 want: 0.34.5
419 silly placeDep node_modules/wrangler detect-libc@2.1.2 OK for: sharp@0.34.5 want: ^2.1.2
420 silly placeDep node_modules/wrangler semver@7.8.0 OK for: sharp@0.34.5 want: ^7.7.3
421 silly fetch manifest @emnapi/runtime@^1.7.0
422 silly packumentCache full:https://registry.npmjs.org/@emnapi%2fruntime cache-miss
423 http fetch GET 200 https://registry.npmjs.org/@emnapi%2fruntime 83ms (cache revalidated)
424 silly packumentCache full:https://registry.npmjs.org/@emnapi%2fruntime set size:108129 disposed:false
425 silly placeDep node_modules/wrangler @emnapi/runtime@1.10.0 OK for: @img/sharp-wasm32@0.34.5 want: ^1.7.0
426 silly fetch manifest tslib@^2.4.0
427 silly packumentCache full:https://registry.npmjs.org/tslib cache-miss
428 http fetch GET 200 https://registry.npmjs.org/tslib 81ms (cache revalidated)
429 silly packumentCache full:https://registry.npmjs.org/tslib set size:108760 disposed:false
430 silly placeDep node_modules/wrangler tslib@2.8.1 OK for: @emnapi/runtime@1.10.0 want: ^2.4.0
431 silly placeDep node_modules/wrangler pathe@2.0.3 OK for: unenv@2.0.0-rc.24 want: ^2.0.3
432 silly placeDep node_modules/wrangler @cloudflare/workerd-darwin-64@1.20260515.1 OK for: workerd@1.20260515.1 want: 1.20260515.1
433 silly placeDep node_modules/wrangler @cloudflare/workerd-darwin-arm64@1.20260515.1 OK for: workerd@1.20260515.1 want: 1.20260515.1
434 silly placeDep node_modules/wrangler @cloudflare/workerd-linux-64@1.20260515.1 OK for: workerd@1.20260515.1 want: 1.20260515.1
435 silly placeDep node_modules/wrangler @cloudflare/workerd-linux-arm64@1.20260515.1 OK for: workerd@1.20260515.1 want: 1.20260515.1
436 silly placeDep node_modules/wrangler @cloudflare/workerd-windows-64@1.20260515.1 OK for: workerd@1.20260515.1 want: 1.20260515.1
437 silly placeDep node_modules/wrangler @poppinss/colors@4.1.6 OK for: youch@4.1.0-beta.10 want: ^4.1.5
438 silly placeDep node_modules/wrangler @poppinss/dumper@0.6.5 OK for: youch@4.1.0-beta.10 want: ^0.6.4
439 silly placeDep node_modules/wrangler @speed-highlight/core@1.2.15 OK for: youch@4.1.0-beta.10 want: ^1.2.7
440 silly placeDep node_modules/wrangler cookie@1.1.1 OK for: youch@4.1.0-beta.10 want: ^1.0.2
441 silly placeDep node_modules/wrangler youch-core@0.3.3 OK for: youch@4.1.0-beta.10 want: ^0.3.3
442 silly fetch manifest kleur@^4.1.5
443 silly packumentCache full:https://registry.npmjs.org/kleur cache-miss
444 silly fetch manifest supports-color@^10.0.0
445 silly packumentCache full:https://registry.npmjs.org/supports-color cache-miss
446 silly fetch manifest @sindresorhus/is@^7.0.2
447 silly packumentCache full:https://registry.npmjs.org/@sindresorhus%2fis cache-miss
448 silly fetch manifest @poppinss/exception@^1.2.2
449 silly packumentCache full:https://registry.npmjs.org/@poppinss%2fexception cache-miss
450 silly fetch manifest error-stack-parser-es@^1.0.5
451 silly packumentCache full:https://registry.npmjs.org/error-stack-parser-es cache-miss
452 http fetch GET 200 https://registry.npmjs.org/kleur 74ms (cache revalidated)
453 silly packumentCache full:https://registry.npmjs.org/kleur set size:61853 disposed:false
454 http fetch GET 200 https://registry.npmjs.org/@sindresorhus%2fis 75ms (cache revalidated)
455 silly packumentCache full:https://registry.npmjs.org/@sindresorhus%2fis set size:202184 disposed:false
456 http fetch GET 200 https://registry.npmjs.org/supports-color 83ms (cache revalidated)
457 silly packumentCache full:https://registry.npmjs.org/supports-color set size:118680 disposed:false
458 http fetch GET 200 https://registry.npmjs.org/error-stack-parser-es 101ms (cache revalidated)
459 silly packumentCache full:https://registry.npmjs.org/error-stack-parser-es set size:21097 disposed:false
460 http fetch GET 200 https://registry.npmjs.org/@poppinss%2fexception 407ms (cache revalidated)
461 silly packumentCache full:https://registry.npmjs.org/@poppinss%2fexception set size:19704 disposed:false
462 silly placeDep node_modules/wrangler kleur@4.1.5 OK for: @poppinss/colors@4.1.6 want: ^4.1.5
463 silly placeDep node_modules/wrangler @sindresorhus/is@7.2.0 OK for: @poppinss/dumper@0.6.5 want: ^7.0.2
464 silly placeDep node_modules/wrangler supports-color@10.2.2 OK for: @poppinss/dumper@0.6.5 want: ^10.0.0
465 silly placeDep node_modules/wrangler @poppinss/exception@1.2.3 OK for: youch-core@0.3.3 want: ^1.2.2
466 silly placeDep node_modules/wrangler error-stack-parser-es@1.0.5 OK for: youch-core@0.3.3 want: ^1.0.5
467 silly reify moves {}
468 http cache supports-color@https://registry.npmjs.org/supports-color/-/supports-color-10.2.2.tgz 0ms (cache hit)
469 http cache @poppinss/exception@https://registry.npmjs.org/@poppinss/exception/-/exception-1.2.3.tgz 0ms (cache hit)
470 http cache error-stack-parser-es@https://registry.npmjs.org/error-stack-parser-es/-/error-stack-parser-es-1.0.5.tgz 0ms (cache hit)
471 http cache @sindresorhus/is@https://registry.npmjs.org/@sindresorhus/is/-/is-7.2.0.tgz 0ms (cache hit)
472 http cache cookie@https://registry.npmjs.org/cookie/-/cookie-1.1.1.tgz 0ms (cache hit)
473 http cache youch-core@https://registry.npmjs.org/youch-core/-/youch-core-0.3.3.tgz 0ms (cache hit)
474 http cache @speed-highlight/core@https://registry.npmjs.org/@speed-highlight/core/-/core-1.2.15.tgz 0ms (cache hit)
475 http cache kleur@https://registry.npmjs.org/kleur/-/kleur-4.1.5.tgz 0ms (cache hit)
476 http cache pathe@https://registry.npmjs.org/pathe/-/pathe-2.0.3.tgz 0ms (cache hit)
477 http cache semver@https://registry.npmjs.org/semver/-/semver-7.8.0.tgz 0ms (cache hit)
478 http cache @poppinss/dumper@https://registry.npmjs.org/@poppinss/dumper/-/dumper-0.6.5.tgz 0ms (cache hit)
479 http cache @img/colour@https://registry.npmjs.org/@img/colour/-/colour-1.1.0.tgz 0ms (cache hit)
480 http cache detect-libc@https://registry.npmjs.org/detect-libc/-/detect-libc-2.1.2.tgz 0ms (cache hit)
481 http cache @jridgewell/sourcemap-codec@https://registry.npmjs.org/@jridgewell/sourcemap-codec/-/sourcemap-codec-1.5.5.tgz 0ms (cache hit)
482 http cache @jridgewell/resolve-uri@https://registry.npmjs.org/@jridgewell/resolve-uri/-/resolve-uri-3.1.2.tgz 0ms (cache hit)
483 http cache @jridgewell/trace-mapping@https://registry.npmjs.org/@jridgewell/trace-mapping/-/trace-mapping-0.3.9.tgz 0ms (cache hit)
484 http cache youch@https://registry.npmjs.org/youch/-/youch-4.1.0-beta.10.tgz 0ms (cache hit)
485 http cache ws@https://registry.npmjs.org/ws/-/ws-8.18.0.tgz 0ms (cache hit)
486 http cache undici@https://registry.npmjs.org/undici/-/undici-7.24.8.tgz 0ms (cache hit)
487 http cache sharp@https://registry.npmjs.org/sharp/-/sharp-0.34.5.tgz 0ms (cache hit)
488 http cache @esbuild/android-arm64@https://registry.npmjs.org/@esbuild/android-arm64/-/android-arm64-0.27.3.tgz 0ms (cache hit)
489 http cache @cspotcode/source-map-support@https://registry.npmjs.org/@cspotcode/source-map-support/-/source-map-support-0.8.1.tgz 0ms (cache hit)
490 http cache workerd@https://registry.npmjs.org/workerd/-/workerd-1.20260515.1.tgz 0ms (cache hit)
491 http cache path-to-regexp@https://registry.npmjs.org/path-to-regexp/-/path-to-regexp-6.3.0.tgz 0ms (cache hit)
492 http cache miniflare@https://registry.npmjs.org/miniflare/-/miniflare-4.20260515.0.tgz 0ms (cache hit)
493 http cache esbuild@https://registry.npmjs.org/esbuild/-/esbuild-0.27.3.tgz 0ms (cache hit)
494 http cache blake3-wasm@https://registry.npmjs.org/blake3-wasm/-/blake3-wasm-2.1.5.tgz 0ms (cache hit)
495 http cache unenv@https://registry.npmjs.org/unenv/-/unenv-2.0.0-rc.24.tgz 0ms (cache hit)
496 http cache @poppinss/colors@https://registry.npmjs.org/@poppinss/colors/-/colors-4.1.6.tgz 0ms (cache hit)
497 http cache @cloudflare/unenv-preset@https://registry.npmjs.org/@cloudflare/unenv-preset/-/unenv-preset-2.16.1.tgz 0ms (cache hit)
498 http cache wrangler@https://registry.npmjs.org/wrangler/-/wrangler-4.92.0.tgz 0ms (cache hit)
499 http cache @cloudflare/kv-asset-handler@https://registry.npmjs.org/@cloudflare/kv-asset-handler/-/kv-asset-handler-0.5.0.tgz 0ms (cache hit)
500 info run sharp@0.34.5 install node_modules/wrangler/node_modules/sharp node install/check.js || npm run build
501 info run sharp@0.34.5 install { code: 0, signal: null }
502 info run esbuild@0.27.3 postinstall node_modules/wrangler/node_modules/esbuild node install.js
503 info run workerd@1.20260515.1 postinstall node_modules/wrangler/node_modules/workerd node install.js
504 info run workerd@1.20260515.1 postinstall { code: 1, signal: null }
505 verbose stack Error: command failed
505 verbose stack     at promiseSpawn (/data/data/com.termux/files/usr/lib/node_modules/npm/node_modules/@npmcli/promise-spawn/lib/index.js:22:22)
505 verbose stack     at spawnWithShell (/data/data/com.termux/files/usr/lib/node_modules/npm/node_modules/@npmcli/promise-spawn/lib/index.js:124:10)
505 verbose stack     at promiseSpawn (/data/data/com.termux/files/usr/lib/node_modules/npm/node_modules/@npmcli/promise-spawn/lib/index.js:12:12)
505 verbose stack     at runScriptPkg (/data/data/com.termux/files/usr/lib/node_modules/npm/node_modules/@npmcli/run-script/lib/run-script-pkg.js:79:13)
505 verbose stack     at runScript (/data/data/com.termux/files/usr/lib/node_modules/npm/node_modules/@npmcli/run-script/lib/run-script.js:9:12)
505 verbose stack     at /data/data/com.termux/files/usr/lib/node_modules/npm/node_modules/@npmcli/arborist/lib/arborist/rebuild.js:328:17
505 verbose stack     at run (/data/data/com.termux/files/usr/lib/node_modules/npm/node_modules/promise-call-limit/dist/commonjs/index.js:67:22)
505 verbose stack     at /data/data/com.termux/files/usr/lib/node_modules/npm/node_modules/promise-call-limit/dist/commonjs/index.js:84:9
505 verbose stack     at new Promise (<anonymous>)
505 verbose stack     at callLimit (/data/data/com.termux/files/usr/lib/node_modules/npm/node_modules/promise-call-limit/dist/commonjs/index.js:35:69)
506 verbose pkgid workerd@1.20260515.1
507 error code 1
508 error path /data/data/com.termux/files/usr/lib/node_modules/wrangler/node_modules/workerd
509 error command failed
510 error command sh -c node install.js
511 error /data/data/com.termux/files/usr/lib/node_modules/wrangler/node_modules/workerd/install.js:43
511 error     throw new Error(`Unsupported platform: ${platformKey}`);
511 error           ^
511 error
511 error Error: Unsupported platform: android arm64 LE
511 error     at pkgAndSubpathForCurrentPlatform (/data/data/com.termux/files/usr/lib/node_modules/wrangler/node_modules/workerd/install.js:43:11)
511 error     at checkAndPreparePackage (/data/data/com.termux/files/usr/lib/node_modules/wrangler/node_modules/workerd/install.js:216:28)
511 error     at Object.<anonymous> (/data/data/com.termux/files/usr/lib/node_modules/wrangler/node_modules/workerd/install.js:245:1)
511 error     at Module._compile (node:internal/modules/cjs/loader:1829:14)
511 error     at Module._extensions..js (node:internal/modules/cjs/loader:1969:10)
511 error     at Module.load (node:internal/modules/cjs/loader:1552:32)
511 error     at Module._load (node:internal/modules/cjs/loader:1354:12)
511 error     at wrapModuleLoad (node:internal/modules/cjs/loader:255:19)
511 error     at Module.executeUserEntryPoint [as runMain] (node:internal/modules/run_main:154:5)
511 error     at node:internal/main/run_main_module:33:47
511 error
511 error Node.js v25.8.2
512 silly unfinished npm timer reify 1778850177972
513 silly unfinished npm timer reify:build 1778850189255
514 silly unfinished npm timer build 1778850189257
515 silly unfinished npm timer build:deps 1778850189258
516 silly unfinished npm timer build:run:postinstall 1778850190410
517 silly unfinished npm timer build:run:postinstall:node_modules/wrangler/node_modules/esbuild 1778850190411
518 silly unfinished npm timer build:run:postinstall:node_modules/wrangler/node_modules/workerd 1778850190478
519 verbose cwd /data/data/com.termux/files/home
520 verbose os Linux 5.10.236-android12-9-31998796-abS906EXXSDGZB6
521 verbose node v25.8.2
522 verbose npm  v11.14.1
523 verbose exit 1
524 verbose code 1
525 error A complete log of this run can be found in: /data/data/com.termux/files/home/.npm/_logs/2026-05-15T13_02_56_752Z-debug-0.log
